
Allocating common symbols
Common symbol       size              file

netbufpool          0x4               binaries/net.o
tmp                 0x4               binaries/control_reg.o
readylist           0x2               binaries/ready.o
rfltab              0x5a0             binaries/rflinit.o
netportseed         0x8               binaries/net.o
sleepq              0x2               binaries/clkinit.o
nnames              0x4               binaries/naminit.o
udptab              0x168             binaries/udp.o
minheap             0x4               binaries/meminit.o
marks               0x50              binaries/mark.o
currpid             0x4               binaries/initialize.o
Lf_data             0x20c             binaries/lfsinit.o
porttab             0x2d0             binaries/ptinit.o
girmask             0x2               binaries/evec.o
ttytab              0x110             binaries/ttyinit.o
proctab             0x1c20            binaries/initialize.o
prcount             0x4               binaries/initialize.o
lfltab              0xf00             binaries/lflinit.o
rdstab              0x7c              binaries/rdsinit.o
ethertab            0x130             binaries/ethinit.o
NetData             0xb0              binaries/net.o
nmarks              0x4               binaries/mark.o
initsp              0x4               binaries/i386.o
Defer               0x8               binaries/resched.o
semtab              0x4b0             binaries/initialize.o
maxheap             0x4               binaries/meminit.o
preempt             0x4               binaries/clkinit.o
buftab              0xf0              binaries/bufinit.o
Rf_data             0x18              binaries/rfsinit.o
mkmutex             0x4               binaries/mark.o
clktime             0x4               binaries/clkinit.o
arpcache            0x140             binaries/arp.o
icmptab             0x230             binaries/icmp.o
nbpools             0x4               binaries/bufinit.o
queuetab            0x980             binaries/queue.o
ptnextid            0x4               binaries/ptinit.o
Ram                 0x19000           binaries/raminit.o
ipoqueue            0x2c              binaries/ip.o
memlist             0x8               binaries/initialize.o
nametab             0x5200            binaries/naminit.o
ptfree              0x4               binaries/ptinit.o

Memory Configuration

Name             Origin             Length             Attributes
*default*        0x0000000000000000 0xffffffffffffffff

Linker script and memory map

                0x0000000000100000                physbase = 0x100000
                0x0000000000100000                . = physbase
                0x0000000000100000                . = ALIGN (0x1000)

.text           0x0000000000100000    0x1e000
                0x0000000000100000                text = ABSOLUTE (.)
 *(.text .text.*)
 .text          0x0000000000100000      0x165 binaries/start.o
                0x0000000000100020                entry
                0x000000000010003d                start
                0x00000000001000a5                inb
                0x00000000001000ad                inw
                0x00000000001000b6                inl
                0x00000000001000be                outb
                0x00000000001000c8                outw
                0x00000000001000d3                outl
                0x00000000001000dd                _rtcin
                0x00000000001000e8                ___udivsi3
                0x00000000001000f3                ___divsi3
                0x00000000001000ff                sbzero
                0x000000000010010f                bcopy
                0x0000000000100123                insw
                0x0000000000100139                outsw
                0x000000000010014f                lidt
                0x0000000000100157                jumptocode
                0x000000000010015e                jumptobootcode
 .text          0x0000000000100165      0x405 binaries/ascdate.o
                0x0000000000100165                ascdate
 .text          0x000000000010056a       0x14 binaries/bufinit.o
                0x000000000010056a                bufinit
 .text          0x000000000010057e       0x87 binaries/chprio.o
                0x000000000010057e                chprio
 .text          0x0000000000100605       0x96 binaries/clkhandler.o
                0x0000000000100605                clkhandler
 .text          0x000000000010069b       0x89 binaries/clkinit.o
                0x000000000010069b                clkinit
 .text          0x0000000000100724       0x6a binaries/close.o
                0x0000000000100724                close
 .text          0x000000000010078e        0x0 binaries/conf.o
 .text          0x000000000010078e       0x7f binaries/control.o
                0x000000000010078e                control
 .text          0x000000000010080d      0x174 binaries/control_reg.o
                0x000000000010080d                read_cr0
                0x000000000010083d                read_cr2
                0x000000000010086d                read_cr3
                0x000000000010089d                read_cr4
                0x00000000001008cd                write_cr0
                0x00000000001008fa                write_cr3
                0x0000000000100927                write_cr4
                0x0000000000100954                enable_paging
                0x0000000000100976                invlpg
 .text          0x0000000000100981      0x2c2 binaries/create.o
                0x0000000000100981                create
 .text          0x0000000000100c43      0x365 binaries/evec.o
                0x0000000000100c43                initevec
                0x0000000000100c99                set_evec
                0x0000000000100d3b                trap
 .text          0x0000000000100fa8       0x15 binaries/exit.o
                0x0000000000100fa8                exit
 .text          0x0000000000100fbd       0x82 binaries/freebuf.o
                0x0000000000100fbd                freebuf
 .text          0x000000000010103f      0x167 binaries/freemem.o
                0x000000000010103f                freemem
 .text          0x00000000001011a6       0x80 binaries/getbuf.o
                0x00000000001011a6                getbuf
 .text          0x0000000000101226       0x6a binaries/getc.o
                0x0000000000101226                getc
 .text          0x0000000000101290       0x72 binaries/getdev.o
                0x0000000000101290                getdev
 .text          0x0000000000101302       0xc8 binaries/getitem.o
                0x0000000000101302                getfirst
                0x0000000000101343                getlast
                0x0000000000101386                getitem
 .text          0x00000000001013ca       0xfb binaries/getmem.o
                0x00000000001013ca                getmem
 .text          0x00000000001014c5        0xa binaries/getpid.o
                0x00000000001014c5                getpid
 .text          0x00000000001014cf       0x6f binaries/getprio.o
                0x00000000001014cf                getprio
 .text          0x000000000010153e       0xf2 binaries/getstk.o
                0x000000000010153e                getstk
 .text          0x0000000000101630       0x16 binaries/getticks.o
                0x0000000000101630                getticks
 .text          0x0000000000101646       0x36 binaries/gettime.o
                0x0000000000101646                gettime
 .text          0x000000000010167c      0x1f5 binaries/getutime.o
                0x000000000010167c                getutime
 .text          0x0000000000101871      0x410 binaries/i386.o
                0x0000000000101871                setsegs
                0x000000000010198f                init8259
                0x0000000000101a64                pseg
                0x0000000000101c27                setirmask
 .text          0x0000000000101c81       0x6a binaries/init.o
                0x0000000000101c81                init
 .text          0x0000000000101ceb      0x416 binaries/initialize.o
                0x0000000000101ceb                nulluser
                0x00000000001020ac                stop
                0x00000000001020d3                delay
 .text          0x0000000000102101       0xda binaries/insert.o
                0x0000000000102101                insert
 .text          0x00000000001021db      0x10c binaries/insertd.o
                0x00000000001021db                insertd
 .text          0x00000000001022e7        0xa binaries/ioerr.o
                0x00000000001022e7                ioerr
 .text          0x00000000001022f1        0xa binaries/ionull.o
                0x00000000001022f1                ionull
 .text          0x00000000001022fb      0x18d binaries/kill.o
                0x00000000001022fb                kill
 .text          0x0000000000102488      0x17b binaries/kprintf.o
                0x0000000000102488                kputc
                0x0000000000102531                kgetc
                0x00000000001025d6                kprintf
 .text          0x0000000000102603      0xb1e binaries/main.o
                0x0000000000102603                sync_printf
                0x00000000001026b0                process_info
                0x00000000001026fc                outcome
                0x0000000000102754                test
                0x000000000010292e                test2
                0x00000000001029b9                test1_run
                0x0000000000102a30                test2_run
                0x0000000000102aa7                test3_run
                0x0000000000102b6d                test4_run
                0x0000000000102cd1                test5_run
                0x0000000000102d48                test6_run
                0x0000000000102eac                test7_run
                0x0000000000102f1b                test8_run
                0x0000000000102f8a                main
 .text          0x0000000000103121       0xac binaries/mark.o
                0x0000000000103121                markinit
                0x0000000000103144                mark
 .text          0x00000000001031cd       0xc0 binaries/meminit.o
                0x00000000001031cd                meminit
 .text          0x000000000010328d      0x15f binaries/mkbufpool.o
                0x000000000010328d                mkbufpool
 .text          0x00000000001033ec       0x94 binaries/newqueue.o
                0x00000000001033ec                newqueue
 .text          0x0000000000103480       0x78 binaries/open.o
                0x0000000000103480                open
 .text          0x00000000001034f8      0x1f9 binaries/pagefault_handler.o
                0x0000000000103546                pagefault_handler
 .text          0x00000000001036f1      0x64a binaries/paging.o
                0x00000000001036f1                free_ffs_pages
                0x00000000001036fb                used_ffs_frames
                0x0000000000103775                allocated_virtual_pages
                0x00000000001037c9                ffs_alloc_frame
                0x00000000001038df                ffs_free_frame
                0x00000000001039c9                alloc_frame
                0x0000000000103a26                get_pte
                0x0000000000103ad2                map_region
                0x0000000000103b4c                init_paging
                0x0000000000103cb6                vm_cleanup
 .text          0x0000000000103d3b       0x20 binaries/panic.o
                0x0000000000103d3b                panic
 .text          0x0000000000103d5b      0x498 binaries/pci.o
                0x0000000000103d5b                pci_init
                0x0000000000104027                find_pci_device
                0x0000000000104075                pci_bios_read_config_byte
                0x00000000001040b4                pci_bios_read_config_word
                0x00000000001040f6                pci_bios_read_config_dword
                0x0000000000104135                pci_bios_write_config_byte
                0x0000000000104176                pci_bios_write_config_word
                0x00000000001041b8                pci_bios_write_config_dword
 .text          0x00000000001041f3       0xe6 binaries/ptclear.o
                0x00000000001041f3                _ptclear
 .text          0x00000000001042d9       0x8f binaries/ptcount.o
                0x00000000001042d9                ptcount
 .text          0x0000000000104368      0x105 binaries/ptcreate.o
                0x0000000000104368                ptcreate
 .text          0x000000000010446d       0x80 binaries/ptdelete.o
                0x000000000010446d                ptdelete
 .text          0x00000000001044ed       0xb7 binaries/ptinit.o
                0x00000000001044ed                ptinit
 .text          0x00000000001045a4      0x10a binaries/ptrecv.o
                0x00000000001045a4                ptrecv
 .text          0x00000000001046ae       0x78 binaries/ptreset.o
                0x00000000001046ae                ptreset
 .text          0x0000000000104726      0x128 binaries/ptsend.o
                0x0000000000104726                ptsend
 .text          0x000000000010484e       0x78 binaries/putc.o
                0x000000000010484e                putc
 .text          0x00000000001048c6      0x109 binaries/queue.o
                0x00000000001048c6                enqueue
                0x0000000000104966                dequeue
 .text          0x00000000001049cf       0x78 binaries/read.o
                0x00000000001049cf                read
 .text          0x0000000000104a47       0x7c binaries/ready.o
                0x0000000000104a47                ready
 .text          0x0000000000104ac3       0x5d binaries/receive.o
                0x0000000000104ac3                receive
 .text          0x0000000000104b20       0x59 binaries/recvclr.o
                0x0000000000104b20                recvclr
 .text          0x0000000000104b79       0xb8 binaries/recvtime.o
                0x0000000000104b79                recvtime
 .text          0x0000000000104c31      0x196 binaries/resched.o
                0x0000000000104c31                resched
                0x0000000000104d52                resched_cntl
 .text          0x0000000000104dc7       0x9e binaries/resume.o
                0x0000000000104dc7                resume
 .text          0x0000000000104e65       0x71 binaries/seek.o
                0x0000000000104e65                seek
 .text          0x0000000000104ed6       0x69 binaries/semcount.o
                0x0000000000104ed6                semcount
 .text          0x0000000000104f3f       0xcf binaries/semcreate.o
                0x0000000000104f3f                semcreate
 .text          0x000000000010500e       0xba binaries/semdelete.o
                0x000000000010500e                semdelete
 .text          0x00000000001050c8       0xbc binaries/semreset.o
                0x00000000001050c8                semreset
 .text          0x0000000000105184       0xd4 binaries/send.o
                0x0000000000105184                send
 .text          0x0000000000105258       0x97 binaries/signal.o
                0x0000000000105258                signal
 .text          0x00000000001052ef       0xc3 binaries/signaln.o
                0x00000000001052ef                signaln
 .text          0x00000000001053b2       0xe3 binaries/sleep.o
                0x00000000001053b2                sleep
                0x00000000001053fc                sleepms
 .text          0x0000000000105495      0x1ab binaries/stacktrace.o
                0x0000000000105495                stacktrace
 .text          0x0000000000105640       0xd4 binaries/suspend.o
                0x0000000000105640                suspend
 .text          0x0000000000105714       0xd6 binaries/unsleep.o
                0x0000000000105714                unsleep
 .text          0x00000000001057ea       0x15 binaries/userret.o
                0x00000000001057ea                userret
 .text          0x00000000001057ff      0x332 binaries/vcreate.o
                0x0000000000105861                vcreate
 .text          0x0000000000105b31      0x347 binaries/vfree.o
                0x0000000000105c97                vfree
 .text          0x0000000000105e78      0x161 binaries/vmalloc.o
                0x0000000000105e97                vmalloc
 .text          0x0000000000105fd9       0xd1 binaries/wait.o
                0x0000000000105fd9                wait
 .text          0x00000000001060aa       0x68 binaries/wakeup.o
                0x00000000001060aa                wakeup
 .text          0x0000000000106112       0x78 binaries/write.o
                0x0000000000106112                write
 .text          0x000000000010618a       0x19 binaries/xdone.o
                0x000000000010618a                xdone
 .text          0x00000000001061a3       0x25 binaries/yield.o
                0x00000000001061a3                yield
 .text          0x00000000001061c8       0x11 binaries/abs.o
                0x00000000001061c8                abs
 .text          0x00000000001061d9       0x8f binaries/atoi.o
                0x00000000001061d9                atoi
 .text          0x0000000000106268       0x8f binaries/atol.o
                0x0000000000106268                atol
 .text          0x00000000001062f7       0x31 binaries/bzero.o
                0x00000000001062f7                bzero
 .text          0x0000000000106328        0x0 binaries/ctype_.o
 .text          0x0000000000106328      0x8f8 binaries/doprnt.o
                0x0000000000106328                _doprnt
 .text          0x0000000000106c20      0x6a2 binaries/doscan.o
                0x0000000000106c20                _doscan
 .text          0x00000000001072c2      0x723 binaries/fdoprnt.o
                0x00000000001072c2                _fdoprnt
 .text          0x00000000001079e5       0x26 binaries/fgetc.o
                0x00000000001079e5                fgetc
 .text          0x0000000000107a0b       0x72 binaries/fgets.o
                0x0000000000107a0b                fgets
 .text          0x0000000000107a7d       0x34 binaries/fprintf.o
                0x0000000000107a7d                fprintf
 .text          0x0000000000107ab1       0x2c binaries/fputc.o
                0x0000000000107ab1                fputc
 .text          0x0000000000107add       0x43 binaries/fputs.o
                0x0000000000107add                fputs
 .text          0x0000000000107b20       0x92 binaries/fscanf.o
                0x0000000000107b20                fscanf
 .text          0x0000000000107bb2       0x2a binaries/getchar.o
                0x0000000000107bb2                getchar
 .text          0x0000000000107bdc       0x11 binaries/labs.o
                0x0000000000107bdc                labs
 .text          0x0000000000107bed       0x51 binaries/memcmp.o
                0x0000000000107bed                memcmp
 .text          0x0000000000107c3e       0x3f binaries/memcpy.o
                0x0000000000107c3e                memcpy
 .text          0x0000000000107c7d       0x30 binaries/memset.o
                0x0000000000107c7d                memset
 .text          0x0000000000107cad       0x4d binaries/printf.o
                0x0000000000107cad                printf
 .text          0x0000000000107cfa       0x31 binaries/putchar.o
                0x0000000000107cfa                putchar
 .text          0x0000000000107d2b      0x28c binaries/qsort.o
                0x0000000000107d2b                qsort
 .text          0x0000000000107fb7       0x5f binaries/rand.o
                0x0000000000107fb7                rand
                0x0000000000107fcb                rand_r
                0x0000000000108009                srand
 .text          0x0000000000108016       0x6f binaries/sprintf.o
                0x0000000000108016                sprintf
 .text          0x0000000000108085       0x7f binaries/sscanf.o
                0x0000000000108085                sscanf
 .text          0x0000000000108104       0x3c binaries/strchr.o
                0x0000000000108104                strchr
 .text          0x0000000000108140       0x45 binaries/strcmp.o
                0x0000000000108140                strcmp
 .text          0x0000000000108185       0x27 binaries/strcpy.o
                0x0000000000108185                strcpy
 .text          0x00000000001081ac       0x26 binaries/strlen.o
                0x00000000001081ac                strlen
 .text          0x00000000001081d2       0x56 binaries/strncat.o
                0x00000000001081d2                strncat
 .text          0x0000000000108228       0x5e binaries/strncmp.o
                0x0000000000108228                strncmp
 .text          0x0000000000108286       0x4f binaries/strncpy.o
                0x0000000000108286                strncpy
 .text          0x00000000001082d5       0x2e binaries/strnlen.o
                0x00000000001082d5                strnlen
 .text          0x0000000000108303       0x45 binaries/strrchr.o
                0x0000000000108303                strrchr
 .text          0x0000000000108348       0x6d binaries/strstr.o
                0x0000000000108348                strstr
 .text          0x00000000001083b5       0xd8 binaries/ttycontrol.o
                0x00000000001083b5                ttycontrol
 .text          0x000000000010848d       0x93 binaries/ttygetc.o
                0x000000000010848d                ttygetc
 .text          0x0000000000108520      0x756 binaries/ttyhandle_in.o
                0x0000000000108520                ttyhandle_in
 .text          0x0000000000108c76      0x19f binaries/ttyhandle_out.o
                0x0000000000108c76                ttyhandle_out
 .text          0x0000000000108e15       0xc6 binaries/ttyhandler.o
                0x0000000000108e15                ttyhandler
 .text          0x0000000000108edb      0x22b binaries/ttyinit.o
                0x0000000000108edb                ttyinit
 .text          0x0000000000109106       0x1d binaries/ttykickout.o
                0x0000000000109106                ttykickout
 .text          0x0000000000109123       0xb2 binaries/ttyputc.o
                0x0000000000109123                ttyputc
 .text          0x00000000001091d5      0x10f binaries/ttyread.o
                0x00000000001091d5                ttyread
 .text          0x00000000001092e4       0x4f binaries/ttywrite.o
                0x00000000001092e4                ttywrite
 .text          0x0000000000109333      0x16a binaries/mount.o
                0x0000000000109333                mount
                0x0000000000109467                namlen
 .text          0x000000000010949d      0x229 binaries/naminit.o
                0x000000000010949d                naminit
 .text          0x00000000001096c6      0x216 binaries/nammap.o
                0x00000000001096c6                nammap
                0x0000000000109757                namrepl
                0x000000000010988c                namcpy
 .text          0x00000000001098dc       0x55 binaries/namopen.o
                0x00000000001098dc                namopen
 .text          0x0000000000109931      0xfa3 binaries/82545EMInit.o
                0x0000000000109988                _82545EMInit
                0x000000000010a72e                _82545EM_read_phy_reg
                0x000000000010a7fd                _82545EM_write_phy_reg
 .text          0x000000000010a8d4      0x24c binaries/ethcontrol.o
                0x000000000010a92b                ethcontrol
                0x000000000010aaa8                ethIrqDisable
                0x000000000010aae4                ethIrqEnable
 .text          0x000000000010ab20      0x241 binaries/ethhandler.o
                0x000000000010ac91                ethhandler
 .text          0x000000000010ad61      0x122 binaries/ethinit.o
                0x000000000010ad61                ethinit
 .text          0x000000000010ae83      0x1f0 binaries/ethread.o
                0x000000000010aeda                ethread
 .text          0x000000000010b073      0x19a binaries/ethwrite.o
                0x000000000010b0ca                ethwrite
 .text          0x000000000010b20d      0x2c1 binaries/rdscomm.o
                0x000000000010b20d                rdscomm
 .text          0x000000000010b4ce      0x21b binaries/rdscontrol.o
                0x000000000010b4ce                rdscontrol
 .text          0x000000000010b6e9       0x4e binaries/rdsinit.o
                0x000000000010b6e9                rdsinit
 .text          0x000000000010b737      0x385 binaries/rdsopen.o
                0x000000000010b737                rdsopen
 .text          0x000000000010babc      0x40d binaries/rdsprocess.o
                0x000000000010babc                rdsprocess
 .text          0x000000000010bec9      0x5b2 binaries/rdsqfcns.o
                0x000000000010bec9                rdqunlink
                0x000000000010bf6b                rdqinsert
                0x000000000010bfc0                rdcunlink
                0x000000000010c06a                rdcinsert
                0x000000000010c14b                edqdump
                0x000000000010c307                edcdump
 .text          0x000000000010c47b      0x1d7 binaries/rdsread.o
                0x000000000010c47b                rdsread
 .text          0x000000000010c652       0x58 binaries/rdssetprio.o
                0x000000000010c652                rdssetprio
 .text          0x000000000010c6aa      0x117 binaries/rdswrite.o
                0x000000000010c6aa                rdswrite
 .text          0x000000000010c7c1        0xa binaries/ramclose.o
                0x000000000010c7c1                ramclose
 .text          0x000000000010c7cb       0x45 binaries/raminit.o
                0x000000000010c7cb                raminit
 .text          0x000000000010c810        0xa binaries/ramopen.o
                0x000000000010c810                ramopen
 .text          0x000000000010c81a       0x35 binaries/ramread.o
                0x000000000010c81a                ramread
 .text          0x000000000010c84f       0x36 binaries/ramwrite.o
                0x000000000010c84f                ramwrite
 .text          0x000000000010c885       0x9e binaries/lfdballoc.o
                0x000000000010c885                lfdballoc
 .text          0x000000000010c923       0x62 binaries/lfdbfree.o
                0x000000000010c923                lfdbfree
 .text          0x000000000010c985       0xbf binaries/lfflush.o
                0x000000000010c985                lfflush
 .text          0x000000000010ca44       0xd8 binaries/lfgetmode.o
                0x000000000010ca44                lfgetmode
 .text          0x000000000010cb1c       0x6c binaries/lfiballoc.o
                0x000000000010cb1c                lfiballoc
 .text          0x000000000010cb88       0x3b binaries/lfibclear.o
                0x000000000010cb88                lfibclear
 .text          0x000000000010cbc3       0xae binaries/lfibget.o
                0x000000000010cbc3                lfibget
 .text          0x000000000010cc71       0xe0 binaries/lfibput.o
                0x000000000010cc71                lfibput
 .text          0x000000000010cd51       0x93 binaries/lflclose.o
                0x000000000010cd51                lflclose
 .text          0x000000000010cde4       0xb5 binaries/lflcontrol.o
                0x000000000010cde4                lflcontrol
 .text          0x000000000010ce99       0xdf binaries/lflgetc.o
                0x000000000010ce99                lflgetc
 .text          0x000000000010cf78       0xfb binaries/lflinit.o
                0x000000000010cf78                lflinit
 .text          0x000000000010d073      0x10f binaries/lflputc.o
                0x000000000010d073                lflputc
 .text          0x000000000010d182       0x6d binaries/lflread.o
                0x000000000010d182                lflread
 .text          0x000000000010d1ef       0x9c binaries/lflseek.o
                0x000000000010d1ef                lflseek
 .text          0x000000000010d28b       0x55 binaries/lflwrite.o
                0x000000000010d28b                lflwrite
 .text          0x000000000010d2e0       0x62 binaries/lfscheck.o
                0x000000000010d2e0                lfscheck
 .text          0x000000000010d342      0x176 binaries/lfsckfmt.o
                0x000000000010d342                lfsckfmt
 .text          0x000000000010d4b8      0x221 binaries/lfscreate.o
                0x000000000010d4b8                lfscreate
 .text          0x000000000010d6d9      0x282 binaries/lfsetup.o
                0x000000000010d6d9                lfsetup
 .text          0x000000000010d95b       0x55 binaries/lfsinit.o
                0x000000000010d95b                lfsinit
 .text          0x000000000010d9b0      0x3cb binaries/lfsopen.o
                0x000000000010d9b0                lfsopen
 .text          0x000000000010dd7b      0x161 binaries/lftruncate.o
                0x000000000010dd7b                lftruncate
 .text          0x000000000010dedc      0x1a5 binaries/rflclose.o
                0x000000000010dedc                rflclose
 .text          0x000000000010e081       0x5d binaries/rflgetc.o
                0x000000000010e081                rflgetc
 .text          0x000000000010e0de       0x76 binaries/rflinit.o
                0x000000000010e0de                rflinit
 .text          0x000000000010e154       0x39 binaries/rflputc.o
                0x000000000010e154                rflputc
 .text          0x000000000010e18d      0x386 binaries/rflread.o
                0x000000000010e18d                rflread
 .text          0x000000000010e513       0x68 binaries/rflseek.o
                0x000000000010e513                rflseek
 .text          0x000000000010e57b      0x336 binaries/rflwrite.o
                0x000000000010e57b                rflwrite
 .text          0x000000000010e8b1      0x22f binaries/rfscomm.o
                0x000000000010e8b1                rfscomm
 .text          0x000000000010eae0      0x258 binaries/rfscontrol.o
                0x000000000010eae0                rfscontrol
 .text          0x000000000010ed38       0xd8 binaries/rfsgetmode.o
                0x000000000010ed38                rfsgetmode
 .text          0x000000000010ee10       0x61 binaries/rfsinit.o
                0x000000000010ee10                rfsinit
 .text          0x000000000010ee71      0x128 binaries/rfsndmsg.o
                0x000000000010ee71                rfsndmsg
 .text          0x000000000010ef99      0x28d binaries/rfsopen.o
                0x000000000010ef99                rfsopen
 .text          0x000000000010f226      0x855 binaries/arp.o
                0x000000000010f226                arp_init
                0x000000000010f258                arp_resolve
                0x000000000010f525                arp_in
                0x000000000010f7d7                arp_alloc
                0x000000000010f8a3                arp_ntoh
                0x000000000010f98f                arp_hton
 .text          0x000000000010fa7b      0x947 binaries/dhcp.o
                0x000000000010fa7b                dhcp_get_opt_val
                0x000000000010fad4                dhcp_bld_bootp_msg
                0x000000000010fbfe                dhcp_bld_disc
                0x000000000010fce4                dhcp_bld_req
                0x000000000010fe61                getlocalip
 .text          0x00000000001103c2      0x6e3 binaries/dns.o
                0x00000000001103c2                dnslookup
 .text          0x0000000000110aa5       0xe0 binaries/dot2ip.o
                0x0000000000110aa5                dot2ip
 .text          0x0000000000110b85      0x468 binaries/hexdump.o
                0x0000000000110b85                hexdump
                0x0000000000110d08                hexadump
 .text          0x0000000000110fed      0x8c4 binaries/icmp.o
                0x0000000000110fed                icmp_init
                0x0000000000111023                icmp_in
                0x000000000011122b                icmp_register
                0x000000000011131d                icmp_recv
                0x0000000000111496                icmp_send
                0x000000000011152b                icmp_mkpkt
                0x0000000000111646                icmp_release
                0x0000000000111736                icmp_cksum
                0x00000000001117c9                icmp_hton
                0x000000000011183d                icmp_ntoh
 .text          0x00000000001118b1      0x81d binaries/ip.o
                0x00000000001118b1                ip_in
                0x00000000001119fd                ip_send
                0x0000000000111b3f                ip_local
                0x0000000000111b82                ip_out
                0x0000000000111caf                ipcksum
                0x0000000000111d35                ip_ntoh
                0x0000000000111e21                ip_hton
                0x0000000000111f0d                ipout
                0x000000000011202f                ip_enqueue
 .text          0x00000000001120ce      0x2ed binaries/net.o
                0x00000000001120ce                net_init
                0x0000000000112226                netin
                0x00000000001122d2                eth_hton
                0x00000000001122fc                eth_ntoh
                0x0000000000112326                getport
 .text          0x00000000001123bb     0x1539 binaries/pdump.o
                0x00000000001123bb                pdump
                0x00000000001131d7                pdumph
 .text          0x00000000001138f4      0x64a binaries/tftp.o
                0x00000000001138f4                tftp_send1
                0x0000000000113a84                tftpget
                0x0000000000113ac6                tftpget_mb
 .text          0x0000000000113f3e      0xb08 binaries/udp.o
                0x0000000000113f3e                udp_init
                0x0000000000113f72                udp_in
                0x00000000001140ad                udp_register
                0x00000000001141e1                udp_recv
                0x0000000000114367                udp_recvaddr
                0x0000000000114505                udp_send
                0x00000000001146d4                udp_sendto
                0x000000000011486f                udp_release
                0x000000000011495c                udp_ntoh
                0x00000000001149d1                udp_hton
 .text          0x0000000000114a46      0x134 binaries/addargs.o
                0x0000000000114a46                addargs
 .text          0x0000000000114b7a      0x2c9 binaries/lexan.o
                0x0000000000114b7a                lexan
 .text          0x0000000000114e43      0x6e7 binaries/shell.o
                0x0000000000114e43                shell
 .text          0x000000000011552a       0x68 binaries/xsh_argecho.o
                0x000000000011552a                xsh_argecho
 .text          0x0000000000115592      0x23a binaries/xsh_arp.o
                0x0000000000115592                xsh_arp
 .text          0x00000000001157cc      0x245 binaries/xsh_cat.o
                0x00000000001157cc                xsh_cat
 .text          0x0000000000115a11       0x59 binaries/xsh_clear.o
                0x0000000000115a11                xsh_clear
 .text          0x0000000000115a6a      0x2e0 binaries/xsh_date.o
                0x0000000000115a6a                xsh_date
 .text          0x0000000000115d4a       0xab binaries/xsh_devdump.o
                0x0000000000115d4a                xsh_devdump
 .text          0x0000000000115df5       0x6c binaries/xsh_echo.o
                0x0000000000115df5                xsh_echo
 .text          0x0000000000115e61        0xa binaries/xsh_exit.o
                0x0000000000115e61                xsh_exit
 .text          0x0000000000115e6b      0x368 binaries/xsh_help.o
                0x0000000000115e6b                xsh_help
 .text          0x00000000001161d3      0x232 binaries/xsh_kill.o
                0x00000000001161d3                xsh_kill
 .text          0x0000000000116405      0x531 binaries/xsh_ls.o
                0x0000000000116405                xsh_ls
 .text          0x0000000000116936      0x50a binaries/xsh_memdump.o
                0x0000000000116936                xsh_memdump
 .text          0x0000000000116e40      0x291 binaries/xsh_memstat.o
                0x0000000000116e40                xsh_memstat
 .text          0x00000000001170d1      0x5ae binaries/xsh_netinfo.o
                0x00000000001170d1                xsh_netinfo
 .text          0x000000000011767f      0x5e8 binaries/xsh_ns.o
                0x000000000011767f                xsh_ns
 .text          0x0000000000117c67      0x3c7 binaries/xsh_ping.o
                0x0000000000117c67                xsh_ping
 .text          0x000000000011802e      0x259 binaries/xsh_ps.o
                0x000000000011802e                xsh_ps
 .text          0x0000000000118287      0x20f binaries/xsh_sleep.o
                0x0000000000118287                xsh_sleep
 .text          0x0000000000118496      0x2b2 binaries/xsh_udpdump.o
                0x0000000000118496                xsh_udpdump
 .text          0x0000000000118748      0x578 binaries/xsh_udpecho.o
                0x0000000000118748                xsh_udpecho
 .text          0x0000000000118cc0      0x2c6 binaries/xsh_udpserver.o
                0x0000000000118cc0                xsh_udpeserver
 .text          0x0000000000118f86      0x1dd binaries/xsh_uptime.o
                0x0000000000118f86                xsh_uptime
 .text          0x0000000000119163        0xe binaries/clkdisp.o
                0x0000000000119163                clkdisp
 .text          0x0000000000119171       0x19 binaries/ctxsw.o
                0x0000000000119171                ctxsw
 .text          0x000000000011918a      0x368 binaries/intr.o
                0x000000000011918a                disable
                0x0000000000119193                restore
                0x00000000001191a1                enable
                0x00000000001191a3                pause
                0x00000000001191aa                halt
                0x00000000001191ad                spurious_irq7
                0x00000000001191b2                spurious_irq15
                0x00000000001191c1                _Xint0
                0x00000000001191cc                _Xint1
                0x00000000001191d7                _Xint2
                0x00000000001191e2                _Xint3
                0x00000000001191ed                _Xint4
                0x00000000001191f8                _Xint5
                0x0000000000119203                _Xint6
                0x000000000011920e                _Xint7
                0x0000000000119219                _Xint8
                0x0000000000119224                _Xint9
                0x000000000011922f                _Xint10
                0x000000000011923a                _Xint11
                0x0000000000119248                _Xint12
                0x0000000000119256                _Xint13
                0x0000000000119264                _Xint14
                0x0000000000119272                _Xint15
                0x0000000000119280                _Xint16
                0x000000000011928e                _Xint17
                0x000000000011929c                _Xint18
                0x00000000001192aa                _Xint19
                0x00000000001192b8                _Xint20
                0x00000000001192c6                _Xint21
                0x00000000001192d4                _Xint22
                0x00000000001192e2                _Xint23
                0x00000000001192f0                _Xint24
                0x00000000001192fe                _Xint25
                0x000000000011930c                _Xint26
                0x000000000011931a                _Xint27
                0x0000000000119328                _Xint28
                0x0000000000119336                _Xint29
                0x0000000000119344                _Xint30
                0x0000000000119352                _Xint31
                0x0000000000119360                _Xint32
                0x000000000011936e                _Xint33
                0x000000000011937c                _Xint34
                0x000000000011938a                _Xint35
                0x0000000000119398                _Xint36
                0x00000000001193a6                _Xint37
                0x00000000001193b4                _Xint38
                0x00000000001193c2                _Xint39
                0x00000000001193d0                _Xint40
                0x00000000001193de                _Xint41
                0x00000000001193ec                _Xint42
                0x00000000001193fa                _Xint43
                0x0000000000119408                _Xint44
                0x0000000000119416                _Xint45
                0x0000000000119424                _Xint46
                0x0000000000119432                defevec
 .text          0x00000000001194f2        0xd binaries/pagefault_handler_disp.o
                0x00000000001194f2                pagefault_handler_disp
 .text          0x00000000001194ff        0xf binaries/ttydispatch.o
                0x00000000001194ff                ttydispatch
 .text          0x000000000011950e       0x13 binaries/ethdispatch.o
                0x000000000011950e                ethdispatch
 *(.rodata .rodata.*)
 *fill*         0x0000000000119521        0x3 
 .rodata        0x0000000000119524       0x8e binaries/ascdate.o
 .rodata        0x00000000001195b2       0xae binaries/conf.o
 .rodata        0x0000000000119660      0x22f binaries/evec.o
 *fill*         0x000000000011988f        0x1 
 .rodata        0x0000000000119890       0x61 binaries/getutime.o
 *fill*         0x00000000001198f1        0x3 
 .rodata        0x00000000001198f4       0x90 binaries/i386.o
 .rodata        0x0000000000119984      0x186 binaries/initialize.o
 *fill*         0x0000000000119b0a        0x2 
 .rodata        0x0000000000119b0c       0x20 binaries/kill.o
 .rodata        0x0000000000119b2c      0x2a7 binaries/main.o
 *fill*         0x0000000000119dd3        0x1 
 .rodata        0x0000000000119dd4       0x6b binaries/pagefault_handler.o
 *fill*         0x0000000000119e3f        0x1 
 .rodata        0x0000000000119e40       0x69 binaries/paging.o
 .rodata        0x0000000000119ea9        0xf binaries/panic.o
 .rodata        0x0000000000119eb8      0x1ec binaries/pci.o
 .rodata        0x000000000011a0a4       0x1d binaries/ptinit.o
 *fill*         0x000000000011a0c1        0x3 
 .rodata        0x000000000011a0c4       0x25 binaries/ptsend.o
 *fill*         0x000000000011a0e9        0x3 
 .rodata        0x000000000011a0ec       0xb7 binaries/stacktrace.o
 *fill*         0x000000000011a1a3        0x1 
 .rodata        0x000000000011a1a4       0x34 binaries/vcreate.o
 .rodata        0x000000000011a1d8       0x27 binaries/xdone.o
 *fill*         0x000000000011a1ff        0x1 
 .rodata        0x000000000011a200       0x81 binaries/ctype_.o
                0x000000000011a200                _ctype_
 *fill*         0x000000000011a281        0x3 
 .rodata        0x000000000011a284       0xee binaries/doprnt.o
 *fill*         0x000000000011a372        0x2 
 .rodata        0x000000000011a374       0x98 binaries/doscan.o
 .rodata        0x000000000011a40c       0xae binaries/fdoprnt.o
 *fill*         0x000000000011a4ba        0x2 
 .rodata        0x000000000011a4bc       0x20 binaries/ttycontrol.o
 .rodata        0x000000000011a4dc       0x34 binaries/ttyhandler.o
 .rodata        0x000000000011a510       0x14 binaries/mount.o
 .rodata        0x000000000011a524       0x82 binaries/naminit.o
 *fill*         0x000000000011a5a6        0x2 
 .rodata        0x000000000011a5a8       0x2e binaries/82545EMInit.o
 *fill*         0x000000000011a5d6        0x2 
 .rodata        0x000000000011a5d8       0x78 binaries/ethinit.o
 .rodata        0x000000000011a650       0x18 binaries/ethread.o
 .rodata        0x000000000011a668       0x76 binaries/rdscomm.o
 *fill*         0x000000000011a6de        0x2 
 .rodata        0x000000000011a6e0       0x21 binaries/rdscontrol.o
 *fill*         0x000000000011a701        0x3 
 .rodata        0x000000000011a704       0xae binaries/rdsopen.o
 *fill*         0x000000000011a7b2        0x2 
 .rodata        0x000000000011a7b4       0x3e binaries/rdsprocess.o
 *fill*         0x000000000011a7f2        0x2 
 .rodata        0x000000000011a7f4       0xe2 binaries/rdsqfcns.o
 .rodata        0x000000000011a8d6        0x9 binaries/raminit.o
 *fill*         0x000000000011a8df        0x1 
 .rodata        0x000000000011a8e0       0x36 binaries/lfdballoc.o
 .rodata        0x000000000011a916       0x14 binaries/lfiballoc.o
 *fill*         0x000000000011a92a        0x2 
 .rodata        0x000000000011a92c       0x22 binaries/lflcontrol.o
 *fill*         0x000000000011a94e        0x2 
 .rodata        0x000000000011a950      0x118 binaries/lfsckfmt.o
 .rodata        0x000000000011aa68       0x66 binaries/lfsopen.o
 *fill*         0x000000000011aace        0x2 
 .rodata        0x000000000011aad0       0x21 binaries/rflclose.o
 *fill*         0x000000000011aaf1        0x3 
 .rodata        0x000000000011aaf4       0x21 binaries/rflread.o
 *fill*         0x000000000011ab15        0x3 
 .rodata        0x000000000011ab18       0x21 binaries/rflwrite.o
 *fill*         0x000000000011ab39        0x3 
 .rodata        0x000000000011ab3c       0xa1 binaries/rfscomm.o
 *fill*         0x000000000011abdd        0x3 
 .rodata        0x000000000011abe0       0x3c binaries/rfscontrol.o
 .rodata        0x000000000011ac1c       0x2b binaries/rfsinit.o
 *fill*         0x000000000011ac47        0x1 
 .rodata        0x000000000011ac48       0x2a binaries/rfsndmsg.o
 *fill*         0x000000000011ac72        0x2 
 .rodata        0x000000000011ac74       0x21 binaries/rfsopen.o
 *fill*         0x000000000011ac95        0x3 
 .rodata        0x000000000011ac98       0x3a binaries/arp.o
 *fill*         0x000000000011acd2        0x2 
 .rodata        0x000000000011acd4       0xcf binaries/dhcp.o
 .rodata        0x000000000011ada3       0x24 binaries/dns.o
 *fill*         0x000000000011adc7        0x1 
 .rodata        0x000000000011adc8       0xc9 binaries/hexdump.o
 *fill*         0x000000000011ae91        0x3 
 .rodata        0x000000000011ae94       0x29 binaries/icmp.o
 *fill*         0x000000000011aebd        0x3 
 .rodata        0x000000000011aec0       0x52 binaries/ip.o
 *fill*         0x000000000011af12        0x2 
 .rodata        0x000000000011af14       0x4f binaries/net.o
 *fill*         0x000000000011af63        0x1 
 .rodata        0x000000000011af64      0x26f binaries/pdump.o
 *fill*         0x000000000011b1d3        0x1 
 .rodata        0x000000000011b1d4      0x154 binaries/tftp.o
 *fill*         0x000000000011b328       0x18 
 .rodata        0x000000000011b340      0x3f9 binaries/shell.o
                0x000000000011b3e0                cmdtab
 .rodata        0x000000000011b739       0x28 binaries/xsh_argecho.o
 *fill*         0x000000000011b761        0x3 
 .rodata        0x000000000011b764      0x123 binaries/xsh_arp.o
 *fill*         0x000000000011b887        0x1 
 .rodata        0x000000000011b888       0xc9 binaries/xsh_cat.o
 .rodata        0x000000000011b951       0x19 binaries/xsh_clear.o
 *fill*         0x000000000011b96a        0x2 
 .rodata        0x000000000011b96c      0x1c3 binaries/xsh_date.o
 .rodata        0x000000000011bb2f       0x5d binaries/xsh_devdump.o
 .rodata        0x000000000011bb8c        0x9 binaries/xsh_echo.o
 *fill*         0x000000000011bb95        0x3 
 .rodata        0x000000000011bb98      0x169 binaries/xsh_help.o
 *fill*         0x000000000011bd01        0x3 
 .rodata        0x000000000011bd04      0x12e binaries/xsh_kill.o
 *fill*         0x000000000011be32        0x2 
 .rodata        0x000000000011be34      0x190 binaries/xsh_ls.o
 .rodata        0x000000000011bfc4      0x266 binaries/xsh_memdump.o
 *fill*         0x000000000011c22a        0x2 
 .rodata        0x000000000011c22c      0x225 binaries/xsh_memstat.o
 *fill*         0x000000000011c451        0x3 
 .rodata        0x000000000011c454      0x1b0 binaries/xsh_netinfo.o
 *fill*         0x000000000011c604       0x1c 
 .rodata        0x000000000011c620      0x340 binaries/xsh_ns.o
 .rodata        0x000000000011c960      0x19d binaries/xsh_ping.o
 *fill*         0x000000000011cafd        0x3 
 .rodata        0x000000000011cb00      0x1e0 binaries/xsh_ps.o
 .rodata        0x000000000011cce0       0xeb binaries/xsh_sleep.o
 *fill*         0x000000000011cdcb        0x1 
 .rodata        0x000000000011cdcc      0x1b8 binaries/xsh_udpdump.o
 .rodata        0x000000000011cf84      0x27d binaries/xsh_udpecho.o
 *fill*         0x000000000011d201        0x3 
 .rodata        0x000000000011d204      0x12b binaries/xsh_udpserver.o
 *fill*         0x000000000011d32f        0x1 
 .rodata        0x000000000011d330      0x105 binaries/xsh_uptime.o
                0x000000000011d435                etext = ABSOLUTE (.)
                0x000000000011e000                . = ALIGN (0x1000)
 *fill*         0x000000000011d435      0xbcb 

.eh_frame       0x000000000011e000     0x32b4
 .eh_frame      0x000000000011e000       0x40 binaries/ascdate.o
 .eh_frame      0x000000000011e040       0x20 binaries/bufinit.o
                                         0x38 (size before relaxing)
 .eh_frame      0x000000000011e060       0x20 binaries/chprio.o
                                         0x38 (size before relaxing)
 .eh_frame      0x000000000011e080       0x20 binaries/clkhandler.o
                                         0x38 (size before relaxing)
 .eh_frame      0x000000000011e0a0       0x20 binaries/clkinit.o
                                         0x38 (size before relaxing)
 .eh_frame      0x000000000011e0c0       0x20 binaries/close.o
                                         0x38 (size before relaxing)
 .eh_frame      0x000000000011e0e0       0x20 binaries/control.o
                                         0x38 (size before relaxing)
 .eh_frame      0x000000000011e100      0x120 binaries/control_reg.o
                                        0x138 (size before relaxing)
 .eh_frame      0x000000000011e220       0x40 binaries/create.o
                                         0x58 (size before relaxing)
 .eh_frame      0x000000000011e260       0x60 binaries/evec.o
                                         0x78 (size before relaxing)
 .eh_frame      0x000000000011e2c0       0x20 binaries/exit.o
                                         0x38 (size before relaxing)
 .eh_frame      0x000000000011e2e0       0x20 binaries/freebuf.o
                                         0x38 (size before relaxing)
 .eh_frame      0x000000000011e300       0x20 binaries/freemem.o
                                         0x38 (size before relaxing)
 .eh_frame      0x000000000011e320       0x20 binaries/getbuf.o
                                         0x38 (size before relaxing)
 .eh_frame      0x000000000011e340       0x20 binaries/getc.o
                                         0x38 (size before relaxing)
 .eh_frame      0x000000000011e360       0x20 binaries/getdev.o
                                         0x38 (size before relaxing)
 .eh_frame      0x000000000011e380       0x60 binaries/getitem.o
                                         0x78 (size before relaxing)
 .eh_frame      0x000000000011e3e0       0x20 binaries/getmem.o
                                         0x38 (size before relaxing)
 .eh_frame      0x000000000011e400       0x20 binaries/getpid.o
                                         0x38 (size before relaxing)
 .eh_frame      0x000000000011e420       0x20 binaries/getprio.o
                                         0x38 (size before relaxing)
 .eh_frame      0x000000000011e440       0x20 binaries/getstk.o
                                         0x38 (size before relaxing)
 .eh_frame      0x000000000011e460       0x20 binaries/getticks.o
                                         0x38 (size before relaxing)
 .eh_frame      0x000000000011e480       0x20 binaries/gettime.o
                                         0x38 (size before relaxing)
 .eh_frame      0x000000000011e4a0       0x20 binaries/getutime.o
                                         0x38 (size before relaxing)
 .eh_frame      0x000000000011e4c0       0x8c binaries/i386.o
                                         0xa4 (size before relaxing)
 .eh_frame      0x000000000011e54c       0x20 binaries/init.o
                                         0x38 (size before relaxing)
 .eh_frame      0x000000000011e56c       0xa0 binaries/initialize.o
                                         0xb8 (size before relaxing)
 .eh_frame      0x000000000011e60c       0x20 binaries/insert.o
                                         0x38 (size before relaxing)
 .eh_frame      0x000000000011e62c       0x20 binaries/insertd.o
                                         0x38 (size before relaxing)
 .eh_frame      0x000000000011e64c       0x20 binaries/ioerr.o
                                         0x38 (size before relaxing)
 .eh_frame      0x000000000011e66c       0x20 binaries/ionull.o
                                         0x38 (size before relaxing)
 .eh_frame      0x000000000011e68c       0x20 binaries/kill.o
                                         0x38 (size before relaxing)
 .eh_frame      0x000000000011e6ac       0x60 binaries/kprintf.o
                                         0x78 (size before relaxing)
 .eh_frame      0x000000000011e70c      0x1cc binaries/main.o
                                        0x1e4 (size before relaxing)
 .eh_frame      0x000000000011e8d8       0x40 binaries/mark.o
                                         0x58 (size before relaxing)
 .eh_frame      0x000000000011e918       0x20 binaries/meminit.o
                                         0x38 (size before relaxing)
 .eh_frame      0x000000000011e938       0x20 binaries/mkbufpool.o
                                         0x38 (size before relaxing)
 .eh_frame      0x000000000011e958       0x20 binaries/newqueue.o
                                         0x38 (size before relaxing)
 .eh_frame      0x000000000011e978       0x20 binaries/open.o
                                         0x38 (size before relaxing)
 .eh_frame      0x000000000011e998       0x40 binaries/pagefault_handler.o
                                         0x58 (size before relaxing)
 .eh_frame      0x000000000011e9d8      0x140 binaries/paging.o
                                        0x158 (size before relaxing)
 .eh_frame      0x000000000011eb18       0x1c binaries/panic.o
                                         0x34 (size before relaxing)
 .eh_frame      0x000000000011eb34      0x1c8 binaries/pci.o
                                        0x1e0 (size before relaxing)
 .eh_frame      0x000000000011ecfc       0x20 binaries/ptclear.o
                                         0x38 (size before relaxing)
 .eh_frame      0x000000000011ed1c       0x20 binaries/ptcount.o
                                         0x38 (size before relaxing)
 .eh_frame      0x000000000011ed3c       0x20 binaries/ptcreate.o
                                         0x38 (size before relaxing)
 .eh_frame      0x000000000011ed5c       0x20 binaries/ptdelete.o
                                         0x38 (size before relaxing)
 .eh_frame      0x000000000011ed7c       0x20 binaries/ptinit.o
                                         0x38 (size before relaxing)
 .eh_frame      0x000000000011ed9c       0x20 binaries/ptrecv.o
                                         0x38 (size before relaxing)
 .eh_frame      0x000000000011edbc       0x20 binaries/ptreset.o
                                         0x38 (size before relaxing)
 .eh_frame      0x000000000011eddc       0x20 binaries/ptsend.o
                                         0x38 (size before relaxing)
 .eh_frame      0x000000000011edfc       0x20 binaries/putc.o
                                         0x38 (size before relaxing)
 .eh_frame      0x000000000011ee1c       0x40 binaries/queue.o
                                         0x58 (size before relaxing)
 .eh_frame      0x000000000011ee5c       0x20 binaries/read.o
                                         0x38 (size before relaxing)
 .eh_frame      0x000000000011ee7c       0x24 binaries/ready.o
                                         0x3c (size before relaxing)
 .eh_frame      0x000000000011eea0       0x20 binaries/receive.o
                                         0x38 (size before relaxing)
 .eh_frame      0x000000000011eec0       0x20 binaries/recvclr.o
                                         0x38 (size before relaxing)
 .eh_frame      0x000000000011eee0       0x20 binaries/recvtime.o
                                         0x38 (size before relaxing)
 .eh_frame      0x000000000011ef00       0x40 binaries/resched.o
                                         0x58 (size before relaxing)
 .eh_frame      0x000000000011ef40       0x20 binaries/resume.o
                                         0x38 (size before relaxing)
 .eh_frame      0x000000000011ef60       0x20 binaries/seek.o
                                         0x38 (size before relaxing)
 .eh_frame      0x000000000011ef80       0x20 binaries/semcount.o
                                         0x38 (size before relaxing)
 .eh_frame      0x000000000011efa0       0x40 binaries/semcreate.o
                                         0x58 (size before relaxing)
 .eh_frame      0x000000000011efe0       0x20 binaries/semdelete.o
                                         0x38 (size before relaxing)
 .eh_frame      0x000000000011f000       0x20 binaries/semreset.o
                                         0x38 (size before relaxing)
 .eh_frame      0x000000000011f020       0x20 binaries/send.o
                                         0x38 (size before relaxing)
 .eh_frame      0x000000000011f040       0x20 binaries/signal.o
                                         0x38 (size before relaxing)
 .eh_frame      0x000000000011f060       0x20 binaries/signaln.o
                                         0x38 (size before relaxing)
 .eh_frame      0x000000000011f080       0x40 binaries/sleep.o
                                         0x58 (size before relaxing)
 .eh_frame      0x000000000011f0c0       0x20 binaries/stacktrace.o
                                         0x38 (size before relaxing)
 .eh_frame      0x000000000011f0e0       0x20 binaries/suspend.o
                                         0x38 (size before relaxing)
 .eh_frame      0x000000000011f100       0x20 binaries/unsleep.o
                                         0x38 (size before relaxing)
 .eh_frame      0x000000000011f120       0x20 binaries/userret.o
                                         0x38 (size before relaxing)
 .eh_frame      0x000000000011f140       0x40 binaries/vcreate.o
                                         0x58 (size before relaxing)
 .eh_frame      0x000000000011f180       0xa0 binaries/vfree.o
                                         0xb8 (size before relaxing)
 .eh_frame      0x000000000011f220       0x40 binaries/vmalloc.o
                                         0x58 (size before relaxing)
 .eh_frame      0x000000000011f260       0x20 binaries/wait.o
                                         0x38 (size before relaxing)
 .eh_frame      0x000000000011f280       0x20 binaries/wakeup.o
                                         0x38 (size before relaxing)
 .eh_frame      0x000000000011f2a0       0x20 binaries/write.o
                                         0x38 (size before relaxing)
 .eh_frame      0x000000000011f2c0       0x20 binaries/xdone.o
                                         0x38 (size before relaxing)
 .eh_frame      0x000000000011f2e0       0x20 binaries/yield.o
                                         0x38 (size before relaxing)
 .eh_frame      0x000000000011f300       0x20 binaries/abs.o
                                         0x38 (size before relaxing)
 .eh_frame      0x000000000011f320       0x20 binaries/atoi.o
                                         0x38 (size before relaxing)
 .eh_frame      0x000000000011f340       0x20 binaries/atol.o
                                         0x38 (size before relaxing)
 .eh_frame      0x000000000011f360       0x20 binaries/bzero.o
                                         0x38 (size before relaxing)
 .eh_frame      0x000000000011f380       0xe4 binaries/doprnt.o
                                         0xfc (size before relaxing)
 .eh_frame      0x000000000011f464       0xb0 binaries/doscan.o
                                         0xc8 (size before relaxing)
 .eh_frame      0x000000000011f514       0xc0 binaries/fdoprnt.o
                                         0xd8 (size before relaxing)
 .eh_frame      0x000000000011f5d4       0x20 binaries/fgetc.o
                                         0x38 (size before relaxing)
 .eh_frame      0x000000000011f5f4       0x20 binaries/fgets.o
                                         0x38 (size before relaxing)
 .eh_frame      0x000000000011f614       0x20 binaries/fprintf.o
                                         0x38 (size before relaxing)
 .eh_frame      0x000000000011f634       0x20 binaries/fputc.o
                                         0x38 (size before relaxing)
 .eh_frame      0x000000000011f654       0x20 binaries/fputs.o
                                         0x38 (size before relaxing)
 .eh_frame      0x000000000011f674       0x60 binaries/fscanf.o
                                         0x78 (size before relaxing)
 .eh_frame      0x000000000011f6d4       0x20 binaries/getchar.o
                                         0x38 (size before relaxing)
 .eh_frame      0x000000000011f6f4       0x20 binaries/labs.o
                                         0x38 (size before relaxing)
 .eh_frame      0x000000000011f714       0x20 binaries/memcmp.o
                                         0x38 (size before relaxing)
 .eh_frame      0x000000000011f734       0x24 binaries/memcpy.o
                                         0x3c (size before relaxing)
 .eh_frame      0x000000000011f758       0x24 binaries/memset.o
                                         0x3c (size before relaxing)
 .eh_frame      0x000000000011f77c       0x20 binaries/printf.o
                                         0x38 (size before relaxing)
 .eh_frame      0x000000000011f79c       0x20 binaries/putchar.o
                                         0x38 (size before relaxing)
 .eh_frame      0x000000000011f7bc       0xa8 binaries/qsort.o
                                         0xc0 (size before relaxing)
 .eh_frame      0x000000000011f864       0x60 binaries/rand.o
                                         0x78 (size before relaxing)
 .eh_frame      0x000000000011f8c4       0x40 binaries/sprintf.o
                                         0x58 (size before relaxing)
 .eh_frame      0x000000000011f904       0x60 binaries/sscanf.o
                                         0x78 (size before relaxing)
 .eh_frame      0x000000000011f964       0x20 binaries/strchr.o
                                         0x38 (size before relaxing)
 .eh_frame      0x000000000011f984       0x20 binaries/strcmp.o
                                         0x38 (size before relaxing)
 .eh_frame      0x000000000011f9a4       0x20 binaries/strcpy.o
                                         0x38 (size before relaxing)
 .eh_frame      0x000000000011f9c4       0x20 binaries/strlen.o
                                         0x38 (size before relaxing)
 .eh_frame      0x000000000011f9e4       0x20 binaries/strncat.o
                                         0x38 (size before relaxing)
 .eh_frame      0x000000000011fa04       0x20 binaries/strncmp.o
                                         0x38 (size before relaxing)
 .eh_frame      0x000000000011fa24       0x28 binaries/strncpy.o
                                         0x40 (size before relaxing)
 .eh_frame      0x000000000011fa4c       0x20 binaries/strnlen.o
                                         0x38 (size before relaxing)
 .eh_frame      0x000000000011fa6c       0x20 binaries/strrchr.o
                                         0x38 (size before relaxing)
 .eh_frame      0x000000000011fa8c       0x20 binaries/strstr.o
                                         0x38 (size before relaxing)
 .eh_frame      0x000000000011faac       0x20 binaries/ttycontrol.o
                                         0x38 (size before relaxing)
 .eh_frame      0x000000000011facc       0x20 binaries/ttygetc.o
                                         0x38 (size before relaxing)
 .eh_frame      0x000000000011faec       0x80 binaries/ttyhandle_in.o
                                         0x98 (size before relaxing)
 .eh_frame      0x000000000011fb6c       0x20 binaries/ttyhandle_out.o
                                         0x38 (size before relaxing)
 .eh_frame      0x000000000011fb8c       0x20 binaries/ttyhandler.o
                                         0x38 (size before relaxing)
 .eh_frame      0x000000000011fbac       0x20 binaries/ttyinit.o
                                         0x38 (size before relaxing)
 .eh_frame      0x000000000011fbcc       0x20 binaries/ttykickout.o
                                         0x38 (size before relaxing)
 .eh_frame      0x000000000011fbec       0x20 binaries/ttyputc.o
                                         0x38 (size before relaxing)
 .eh_frame      0x000000000011fc0c       0x28 binaries/ttyread.o
                                         0x40 (size before relaxing)
 .eh_frame      0x000000000011fc34       0x20 binaries/ttywrite.o
                                         0x38 (size before relaxing)
 .eh_frame      0x000000000011fc54       0x40 binaries/mount.o
                                         0x58 (size before relaxing)
 .eh_frame      0x000000000011fc94       0x20 binaries/naminit.o
                                         0x38 (size before relaxing)
 .eh_frame      0x000000000011fcb4       0x60 binaries/nammap.o
                                         0x78 (size before relaxing)
 .eh_frame      0x000000000011fd14       0x20 binaries/namopen.o
                                         0x38 (size before relaxing)
 .eh_frame      0x000000000011fd34      0x150 binaries/82545EMInit.o
                                        0x168 (size before relaxing)
 .eh_frame      0x000000000011fe84       0xa0 binaries/ethcontrol.o
                                         0xb8 (size before relaxing)
 .eh_frame      0x000000000011ff24       0x80 binaries/ethhandler.o
                                         0x98 (size before relaxing)
 .eh_frame      0x000000000011ffa4       0x20 binaries/ethinit.o
                                         0x38 (size before relaxing)
 .eh_frame      0x000000000011ffc4       0x60 binaries/ethread.o
                                         0x78 (size before relaxing)
 .eh_frame      0x0000000000120024       0x60 binaries/ethwrite.o
                                         0x78 (size before relaxing)
 .eh_frame      0x0000000000120084       0x20 binaries/rdscomm.o
                                         0x38 (size before relaxing)
 .eh_frame      0x00000000001200a4       0x20 binaries/rdscontrol.o
                                         0x38 (size before relaxing)
 .eh_frame      0x00000000001200c4       0x20 binaries/rdsinit.o
                                         0x38 (size before relaxing)
 .eh_frame      0x00000000001200e4       0x20 binaries/rdsopen.o
                                         0x38 (size before relaxing)
 .eh_frame      0x0000000000120104       0x1c binaries/rdsprocess.o
                                         0x34 (size before relaxing)
 .eh_frame      0x0000000000120120       0xc0 binaries/rdsqfcns.o
                                         0xd8 (size before relaxing)
 .eh_frame      0x00000000001201e0       0x20 binaries/rdsread.o
                                         0x38 (size before relaxing)
 .eh_frame      0x0000000000120200       0x20 binaries/rdssetprio.o
                                         0x38 (size before relaxing)
 .eh_frame      0x0000000000120220       0x20 binaries/rdswrite.o
                                         0x38 (size before relaxing)
 .eh_frame      0x0000000000120240       0x20 binaries/ramclose.o
                                         0x38 (size before relaxing)
 .eh_frame      0x0000000000120260       0x20 binaries/raminit.o
                                         0x38 (size before relaxing)
 .eh_frame      0x0000000000120280       0x20 binaries/ramopen.o
                                         0x38 (size before relaxing)
 .eh_frame      0x00000000001202a0       0x20 binaries/ramread.o
                                         0x38 (size before relaxing)
 .eh_frame      0x00000000001202c0       0x20 binaries/ramwrite.o
                                         0x38 (size before relaxing)
 .eh_frame      0x00000000001202e0       0x20 binaries/lfdballoc.o
                                         0x38 (size before relaxing)
 .eh_frame      0x0000000000120300       0x20 binaries/lfdbfree.o
                                         0x38 (size before relaxing)
 .eh_frame      0x0000000000120320       0x20 binaries/lfflush.o
                                         0x38 (size before relaxing)
 .eh_frame      0x0000000000120340       0x20 binaries/lfgetmode.o
                                         0x38 (size before relaxing)
 .eh_frame      0x0000000000120360       0x20 binaries/lfiballoc.o
                                         0x38 (size before relaxing)
 .eh_frame      0x0000000000120380       0x20 binaries/lfibclear.o
                                         0x38 (size before relaxing)
 .eh_frame      0x00000000001203a0       0x20 binaries/lfibget.o
                                         0x38 (size before relaxing)
 .eh_frame      0x00000000001203c0       0x20 binaries/lfibput.o
                                         0x38 (size before relaxing)
 .eh_frame      0x00000000001203e0       0x20 binaries/lflclose.o
                                         0x38 (size before relaxing)
 .eh_frame      0x0000000000120400       0x20 binaries/lflcontrol.o
                                         0x38 (size before relaxing)
 .eh_frame      0x0000000000120420       0x20 binaries/lflgetc.o
                                         0x38 (size before relaxing)
 .eh_frame      0x0000000000120440       0x20 binaries/lflinit.o
                                         0x38 (size before relaxing)
 .eh_frame      0x0000000000120460       0x20 binaries/lflputc.o
                                         0x38 (size before relaxing)
 .eh_frame      0x0000000000120480       0x20 binaries/lflread.o
                                         0x38 (size before relaxing)
 .eh_frame      0x00000000001204a0       0x20 binaries/lflseek.o
                                         0x38 (size before relaxing)
 .eh_frame      0x00000000001204c0       0x20 binaries/lflwrite.o
                                         0x38 (size before relaxing)
 .eh_frame      0x00000000001204e0       0x20 binaries/lfscheck.o
                                         0x38 (size before relaxing)
 .eh_frame      0x0000000000120500       0x20 binaries/lfsckfmt.o
                                         0x38 (size before relaxing)
 .eh_frame      0x0000000000120520       0x20 binaries/lfscreate.o
                                         0x38 (size before relaxing)
 .eh_frame      0x0000000000120540       0x20 binaries/lfsetup.o
                                         0x38 (size before relaxing)
 .eh_frame      0x0000000000120560       0x20 binaries/lfsinit.o
                                         0x38 (size before relaxing)
 .eh_frame      0x0000000000120580       0x20 binaries/lfsopen.o
                                         0x38 (size before relaxing)
 .eh_frame      0x00000000001205a0       0x20 binaries/lftruncate.o
                                         0x38 (size before relaxing)
 .eh_frame      0x00000000001205c0       0x20 binaries/rflclose.o
                                         0x38 (size before relaxing)
 .eh_frame      0x00000000001205e0       0x20 binaries/rflgetc.o
                                         0x38 (size before relaxing)
 .eh_frame      0x0000000000120600       0x20 binaries/rflinit.o
                                         0x38 (size before relaxing)
 .eh_frame      0x0000000000120620       0x20 binaries/rflputc.o
                                         0x38 (size before relaxing)
 .eh_frame      0x0000000000120640       0x20 binaries/rflread.o
                                         0x38 (size before relaxing)
 .eh_frame      0x0000000000120660       0x20 binaries/rflseek.o
                                         0x38 (size before relaxing)
 .eh_frame      0x0000000000120680       0x20 binaries/rflwrite.o
                                         0x38 (size before relaxing)
 .eh_frame      0x00000000001206a0       0x20 binaries/rfscomm.o
                                         0x38 (size before relaxing)
 .eh_frame      0x00000000001206c0       0x20 binaries/rfscontrol.o
                                         0x38 (size before relaxing)
 .eh_frame      0x00000000001206e0       0x20 binaries/rfsgetmode.o
                                         0x38 (size before relaxing)
 .eh_frame      0x0000000000120700       0x20 binaries/rfsinit.o
                                         0x38 (size before relaxing)
 .eh_frame      0x0000000000120720       0x20 binaries/rfsndmsg.o
                                         0x38 (size before relaxing)
 .eh_frame      0x0000000000120740       0x20 binaries/rfsopen.o
                                         0x38 (size before relaxing)
 .eh_frame      0x0000000000120760       0xc0 binaries/arp.o
                                         0xd8 (size before relaxing)
 .eh_frame      0x0000000000120820       0xa0 binaries/dhcp.o
                                         0xb8 (size before relaxing)
 .eh_frame      0x00000000001208c0       0x80 binaries/dns.o
                                         0x98 (size before relaxing)
 .eh_frame      0x0000000000120940       0x20 binaries/dot2ip.o
                                         0x38 (size before relaxing)
 .eh_frame      0x0000000000120960       0x40 binaries/hexdump.o
                                         0x58 (size before relaxing)
 .eh_frame      0x00000000001209a0      0x150 binaries/icmp.o
                                        0x168 (size before relaxing)
 .eh_frame      0x0000000000120af0      0x11c binaries/ip.o
                                        0x134 (size before relaxing)
 .eh_frame      0x0000000000120c0c       0xa0 binaries/net.o
                                         0xb8 (size before relaxing)
 .eh_frame      0x0000000000120cac       0x60 binaries/pdump.o
                                         0x78 (size before relaxing)
 .eh_frame      0x0000000000120d0c       0x60 binaries/tftp.o
                                         0x78 (size before relaxing)
 .eh_frame      0x0000000000120d6c      0x140 binaries/udp.o
                                        0x158 (size before relaxing)
 .eh_frame      0x0000000000120eac       0x20 binaries/addargs.o
                                         0x38 (size before relaxing)
 .eh_frame      0x0000000000120ecc       0x20 binaries/lexan.o
                                         0x38 (size before relaxing)
 .eh_frame      0x0000000000120eec       0x20 binaries/shell.o
                                         0x38 (size before relaxing)
 .eh_frame      0x0000000000120f0c       0x20 binaries/xsh_argecho.o
                                         0x38 (size before relaxing)
 .eh_frame      0x0000000000120f2c       0x40 binaries/xsh_arp.o
                                         0x58 (size before relaxing)
 .eh_frame      0x0000000000120f6c       0x20 binaries/xsh_cat.o
                                         0x38 (size before relaxing)
 .eh_frame      0x0000000000120f8c       0x20 binaries/xsh_clear.o
                                         0x38 (size before relaxing)
 .eh_frame      0x0000000000120fac       0x20 binaries/xsh_date.o
                                         0x38 (size before relaxing)
 .eh_frame      0x0000000000120fcc       0x20 binaries/xsh_devdump.o
                                         0x38 (size before relaxing)
 .eh_frame      0x0000000000120fec       0x20 binaries/xsh_echo.o
                                         0x38 (size before relaxing)
 .eh_frame      0x000000000012100c       0x20 binaries/xsh_exit.o
                                         0x38 (size before relaxing)
 .eh_frame      0x000000000012102c       0x2c binaries/xsh_help.o
                                         0x44 (size before relaxing)
 .eh_frame      0x0000000000121058       0x20 binaries/xsh_kill.o
                                         0x38 (size before relaxing)
 .eh_frame      0x0000000000121078       0x2c binaries/xsh_ls.o
                                         0x44 (size before relaxing)
 .eh_frame      0x00000000001210a4       0x40 binaries/xsh_memdump.o
                                         0x58 (size before relaxing)
 .eh_frame      0x00000000001210e4       0x60 binaries/xsh_memstat.o
                                         0x78 (size before relaxing)
 .eh_frame      0x0000000000121144       0x30 binaries/xsh_netinfo.o
                                         0x48 (size before relaxing)
 .eh_frame      0x0000000000121174       0x30 binaries/xsh_ns.o
                                         0x48 (size before relaxing)
 .eh_frame      0x00000000001211a4       0x28 binaries/xsh_ping.o
                                         0x40 (size before relaxing)
 .eh_frame      0x00000000001211cc       0x30 binaries/xsh_ps.o
                                         0x48 (size before relaxing)
 .eh_frame      0x00000000001211fc       0x20 binaries/xsh_sleep.o
                                         0x38 (size before relaxing)
 .eh_frame      0x000000000012121c       0x20 binaries/xsh_udpdump.o
                                         0x38 (size before relaxing)
 .eh_frame      0x000000000012123c       0x30 binaries/xsh_udpecho.o
                                         0x48 (size before relaxing)
 .eh_frame      0x000000000012126c       0x28 binaries/xsh_udpserver.o
                                         0x40 (size before relaxing)
 .eh_frame      0x0000000000121294       0x20 binaries/xsh_uptime.o
                                         0x38 (size before relaxing)

.iplt           0x00000000001212b4        0x0
 .iplt          0x00000000001212b4        0x0 binaries/start.o

.rel.dyn        0x00000000001212b4        0x0
 .rel.got       0x00000000001212b4        0x0 binaries/start.o
 .rel.iplt      0x00000000001212b4        0x0 binaries/start.o
 .rel.text      0x00000000001212b4        0x0 binaries/start.o

.data           0x00000000001212c0      0xd40
                0x00000000001212c0                data = ABSOLUTE (.)
 *(.data .data.*)
 .data          0x00000000001212c0      0x460 binaries/start.o
                0x00000000001212c0                gdt
                0x0000000000121300                gdtr
[...]
 .comment       0x0000000000000023       0x24 binaries/lexan.o
 .comment       0x0000000000000023       0x24 binaries/shell.o
 .comment       0x0000000000000023       0x24 binaries/xsh_argecho.o
 .comment       0x0000000000000023       0x24 binaries/xsh_arp.o
 .comment       0x0000000000000023       0x24 binaries/xsh_cat.o
 .comment       0x0000000000000023       0x24 binaries/xsh_clear.o
 .comment       0x0000000000000023       0x24 binaries/xsh_date.o
 .comment       0x0000000000000023       0x24 binaries/xsh_devdump.o
 .comment       0x0000000000000023       0x24 binaries/xsh_echo.o
 .comment       0x0000000000000023       0x24 binaries/xsh_exit.o
 .comment       0x0000000000000023       0x24 binaries/xsh_help.o
 .comment       0x0000000000000023       0x24 binaries/xsh_kill.o
 .comment       0x0000000000000023       0x24 binaries/xsh_ls.o
 .comment       0x0000000000000023       0x24 binaries/xsh_memdump.o
 .comment       0x0000000000000023       0x24 binaries/xsh_memstat.o
 .comment       0x0000000000000023       0x24 binaries/xsh_netinfo.o
 .comment       0x0000000000000023       0x24 binaries/xsh_ns.o
 .comment       0x0000000000000023       0x24 binaries/xsh_ping.o
 .comment       0x0000000000000023       0x24 binaries/xsh_ps.o
 .comment       0x0000000000000023       0x24 binaries/xsh_sleep.o
 .comment       0x0000000000000023       0x24 binaries/xsh_udpdump.o
 .comment       0x0000000000000023       0x24 binaries/xsh_udpecho.o
 .comment       0x0000000000000023       0x24 binaries/xsh_udpserver.o
 .comment       0x0000000000000023       0x24 binaries/xsh_uptime.o

.note.GNU-stack
                0x0000000000000000        0x0
 .note.GNU-stack
                0x0000000000000000        0x0 binaries/ascdate.o
 .note.GNU-stack
                0x0000000000000000        0x0 binaries/bufinit.o
 .note.GNU-stack
                0x0000000000000000        0x0 binaries/chprio.o
 .note.GNU-stack
                0x0000000000000000        0x0 binaries/clkhandler.o
 .note.GNU-stack
                0x0000000000000000        0x0 binaries/clkinit.o
 .note.GNU-stack
                0x0000000000000000        0x0 binaries/close.o
 .note.GNU-stack
                0x0000000000000000        0x0 binaries/conf.o
 .note.GNU-stack
                0x0000000000000000        0x0 binaries/control.o
 .note.GNU-stack
                0x0000000000000000        0x0 binaries/control_reg.o
 .note.GNU-stack
                0x0000000000000000        0x0 binaries/create.o
 .note.GNU-stack
                0x0000000000000000        0x0 binaries/evec.o
 .note.GNU-stack
                0x0000000000000000        0x0 binaries/exit.o
 .note.GNU-stack
                0x0000000000000000        0x0 binaries/freebuf.o
 .note.GNU-stack
                0x0000000000000000        0x0 binaries/freemem.o
 .note.GNU-stack
                0x0000000000000000        0x0 binaries/getbuf.o
 .note.GNU-stack
                0x0000000000000000        0x0 binaries/getc.o
 .note.GNU-stack
                0x0000000000000000        0x0 binaries/getdev.o
 .note.GNU-stack
                0x0000000000000000        0x0 binaries/getitem.o
 .note.GNU-stack
                0x0000000000000000        0x0 binaries/getmem.o
 .note.GNU-stack
                0x0000000000000000        0x0 binaries/getpid.o
 .note.GNU-stack
                0x0000000000000000        0x0 binaries/getprio.o
 .note.GNU-stack
                0x0000000000000000        0x0 binaries/getstk.o
 .note.GNU-stack
                0x0000000000000000        0x0 binaries/getticks.o
 .note.GNU-stack
                0x0000000000000000        0x0 binaries/gettime.o
 .note.GNU-stack
                0x0000000000000000        0x0 binaries/getutime.o
 .note.GNU-stack
                0x0000000000000000        0x0 binaries/i386.o
 .note.GNU-stack
                0x0000000000000000        0x0 binaries/init.o
 .note.GNU-stack
                0x0000000000000000        0x0 binaries/initialize.o
 .note.GNU-stack
                0x0000000000000000        0x0 binaries/insert.o
 .note.GNU-stack
                0x0000000000000000        0x0 binaries/insertd.o
 .note.GNU-stack
                0x0000000000000000        0x0 binaries/ioerr.o
 .note.GNU-stack
                0x0000000000000000        0x0 binaries/ionull.o
 .note.GNU-stack
                0x0000000000000000        0x0 binaries/kill.o
 .note.GNU-stack
                0x0000000000000000        0x0 binaries/kprintf.o
 .note.GNU-stack
                0x0000000000000000        0x0 binaries/main.o
 .note.GNU-stack
                0x0000000000000000        0x0 binaries/mark.o
 .note.GNU-stack
                0x0000000000000000        0x0 binaries/meminit.o
 .note.GNU-stack
                0x0000000000000000        0x0 binaries/mkbufpool.o
 .note.GNU-stack
                0x0000000000000000        0x0 binaries/newqueue.o
 .note.GNU-stack
                0x0000000000000000        0x0 binaries/open.o
 .note.GNU-stack
                0x0000000000000000        0x0 binaries/pagefault_handler.o
 .note.GNU-stack
                0x0000000000000000        0x0 binaries/paging.o
 .note.GNU-stack
                0x0000000000000000        0x0 binaries/panic.o
 .note.GNU-stack
                0x0000000000000000        0x0 binaries/pci.o
 .note.GNU-stack
                0x0000000000000000        0x0 binaries/ptclear.o
 .note.GNU-stack
                0x0000000000000000        0x0 binaries/ptcount.o
 .note.GNU-stack
                0x0000000000000000        0x0 binaries/ptcreate.o
 .note.GNU-stack
                0x0000000000000000        0x0 binaries/ptdelete.o
 .note.GNU-stack
                0x0000000000000000        0x0 binaries/ptinit.o
 .note.GNU-stack
                0x0000000000000000        0x0 binaries/ptrecv.o
 .note.GNU-stack
                0x0000000000000000        0x0 binaries/ptreset.o
 .note.GNU-stack
                0x0000000000000000        0x0 binaries/ptsend.o
 .note.GNU-stack
                0x0000000000000000        0x0 binaries/putc.o
 .note.GNU-stack
                0x0000000000000000        0x0 binaries/queue.o
 .note.GNU-stack
                0x0000000000000000        0x0 binaries/read.o
 .note.GNU-stack
                0x0000000000000000        0x0 binaries/ready.o
 .note.GNU-stack
                0x0000000000000000        0x0 binaries/receive.o
 .note.GNU-stack
                0x0000000000000000        0x0 binaries/recvclr.o
 .note.GNU-stack
                0x0000000000000000        0x0 binaries/recvtime.o
 .note.GNU-stack
                0x0000000000000000        0x0 binaries/resched.o
 .note.GNU-stack
                0x0000000000000000        0x0 binaries/resume.o
 .note.GNU-stack
                0x0000000000000000        0x0 binaries/seek.o
 .note.GNU-stack
                0x0000000000000000        0x0 binaries/semcount.o
 .note.GNU-stack
                0x0000000000000000        0x0 binaries/semcreate.o
 .note.GNU-stack
                0x0000000000000000        0x0 binaries/semdelete.o
 .note.GNU-stack
                0x0000000000000000        0x0 binaries/semreset.o
 .note.GNU-stack
                0x0000000000000000        0x0 binaries/send.o
 .note.GNU-stack
                0x0000000000000000        0x0 binaries/signal.o
 .note.GNU-stack
                0x0000000000000000        0x0 binaries/signaln.o
 .note.GNU-stack
                0x0000000000000000        0x0 binaries/sleep.o
 .note.GNU-stack
                0x0000000000000000        0x0 binaries/stacktrace.o
 .note.GNU-stack
                0x0000000000000000        0x0 binaries/suspend.o
 .note.GNU-stack
                0x0000000000000000        0x0 binaries/unsleep.o
 .note.GNU-stack
                0x0000000000000000        0x0 binaries/userret.o
 .note.GNU-stack
                0x0000000000000000        0x0 binaries/vcreate.o
 .note.GNU-stack
                0x0000000000000000        0x0 binaries/vfree.o
 .note.GNU-stack
                0x0000000000000000        0x0 binaries/vmalloc.o
 .note.GNU-stack
                0x0000000000000000        0x0 binaries/wait.o
 .note.GNU-stack
                0x0000000000000000        0x0 binaries/wakeup.o
 .note.GNU-stack
                0x0000000000000000        0x0 binaries/write.o
 .note.GNU-stack
                0x0000000000000000        0x0 binaries/xdone.o
 .note.GNU-stack
                0x0000000000000000        0x0 binaries/yield.o
 .note.GNU-stack
                0x0000000000000000        0x0 binaries/abs.o
 .note.GNU-stack
                0x0000000000000000        0x0 binaries/atoi.o
 .note.GNU-stack
                0x0000000000000000        0x0 binaries/atol.o
 .note.GNU-stack
                0x0000000000000000        0x0 binaries/bzero.o
 .note.GNU-stack
                0x0000000000000000        0x0 binaries/ctype_.o
 .note.GNU-stack
                0x0000000000000000        0x0 binaries/doprnt.o
 .note.GNU-stack
                0x0000000000000000        0x0 binaries/doscan.o
 .note.GNU-stack
                0x0000000000000000        0x0 binaries/fdoprnt.o
 .note.GNU-stack
                0x0000000000000000        0x0 binaries/fgetc.o
 .note.GNU-stack
                0x0000000000000000        0x0 binaries/fgets.o
 .note.GNU-stack
                0x0000000000000000        0x0 binaries/fprintf.o
 .note.GNU-stack
                0x0000000000000000        0x0 binaries/fputc.o
 .note.GNU-stack
                0x0000000000000000        0x0 binaries/fputs.o
 .note.GNU-stack
                0x0000000000000000        0x0 binaries/fscanf.o
 .note.GNU-stack
                0x0000000000000000        0x0 binaries/getchar.o
 .note.GNU-stack
                0x0000000000000000        0x0 binaries/labs.o
 .note.GNU-stack
                0x0000000000000000        0x0 binaries/memcmp.o
 .note.GNU-stack
                0x0000000000000000        0x0 binaries/memcpy.o
 .note.GNU-stack
                0x0000000000000000        0x0 binaries/memset.o
 .note.GNU-stack
                0x0000000000000000        0x0 binaries/printf.o
 .note.GNU-stack
                0x0000000000000000        0x0 binaries/putchar.o
 .note.GNU-stack
                0x0000000000000000        0x0 binaries/qsort.o
 .note.GNU-stack
                0x0000000000000000        0x0 binaries/rand.o
 .note.GNU-stack
                0x0000000000000000        0x0 binaries/sprintf.o
 .note.GNU-stack
                0x0000000000000000        0x0 binaries/sscanf.o
 .note.GNU-stack
                0x0000000000000000        0x0 binaries/strchr.o
 .note.GNU-stack
                0x0000000000000000        0x0 binaries/strcmp.o
 .note.GNU-stack
                0x0000000000000000        0x0 binaries/strcpy.o
 .note.GNU-stack
                0x0000000000000000        0x0 binaries/strlen.o
 .note.GNU-stack
                0x0000000000000000        0x0 binaries/strncat.o
 .note.GNU-stack
                0x0000000000000000        0x0 binaries/strncmp.o
 .note.GNU-stack
                0x0000000000000000        0x0 binaries/strncpy.o
 .note.GNU-stack
                0x0000000000000000        0x0 binaries/strnlen.o
 .note.GNU-stack
                0x0000000000000000        0x0 binaries/strrchr.o
 .note.GNU-stack
                0x0000000000000000        0x0 binaries/strstr.o
 .note.GNU-stack
                0x0000000000000000        0x0 binaries/ttycontrol.o
 .note.GNU-stack
                0x0000000000000000        0x0 binaries/ttygetc.o
 .note.GNU-stack
                0x0000000000000000        0x0 binaries/ttyhandle_in.o
 .note.GNU-stack
                0x0000000000000000        0x0 binaries/ttyhandle_out.o
 .note.GNU-stack
                0x0000000000000000        0x0 binaries/ttyhandler.o
 .note.GNU-stack
                0x0000000000000000        0x0 binaries/ttyinit.o
 .note.GNU-stack
                0x0000000000000000        0x0 binaries/ttykickout.o
 .note.GNU-stack
                0x0000000000000000        0x0 binaries/ttyputc.o
 .note.GNU-stack
                0x0000000000000000        0x0 binaries/ttyread.o
 .note.GNU-stack
                0x0000000000000000        0x0 binaries/ttywrite.o
 .note.GNU-stack
                0x0000000000000000        0x0 binaries/mount.o
 .note.GNU-stack
                0x0000000000000000        0x0 binaries/naminit.o
 .note.GNU-stack
                0x0000000000000000        0x0 binaries/nammap.o
 .note.GNU-stack
                0x0000000000000000        0x0 binaries/namopen.o
 .note.GNU-stack
                0x0000000000000000        0x0 binaries/82545EMInit.o
 .note.GNU-stack
                0x0000000000000000        0x0 binaries/ethcontrol.o
 .note.GNU-stack
                0x0000000000000000        0x0 binaries/ethhandler.o
 .note.GNU-stack
                0x0000000000000000        0x0 binaries/ethinit.o
 .note.GNU-stack
                0x0000000000000000        0x0 binaries/ethread.o
 .note.GNU-stack
                0x0000000000000000        0x0 binaries/ethwrite.o
 .note.GNU-stack
                0x0000000000000000        0x0 binaries/rdscomm.o
 .note.GNU-stack
                0x0000000000000000        0x0 binaries/rdscontrol.o
 .note.GNU-stack
                0x0000000000000000        0x0 binaries/rdsinit.o
 .note.GNU-stack
                0x0000000000000000        0x0 binaries/rdsopen.o
 .note.GNU-stack
                0x0000000000000000        0x0 binaries/rdsprocess.o
 .note.GNU-stack
                0x0000000000000000        0x0 binaries/rdsqfcns.o
 .note.GNU-stack
                0x0000000000000000        0x0 binaries/rdsread.o
 .note.GNU-stack
                0x0000000000000000        0x0 binaries/rdssetprio.o
 .note.GNU-stack
                0x0000000000000000        0x0 binaries/rdswrite.o
 .note.GNU-stack
                0x0000000000000000        0x0 binaries/ramclose.o
 .note.GNU-stack
                0x0000000000000000        0x0 binaries/raminit.o
 .note.GNU-stack
                0x0000000000000000        0x0 binaries/ramopen.o
 .note.GNU-stack
                0x0000000000000000        0x0 binaries/ramread.o
 .note.GNU-stack
                0x0000000000000000        0x0 binaries/ramwrite.o
 .note.GNU-stack
                0x0000000000000000        0x0 binaries/lfdballoc.o
 .note.GNU-stack
                0x0000000000000000        0x0 binaries/lfdbfree.o
 .note.GNU-stack
                0x0000000000000000        0x0 binaries/lfflush.o
 .note.GNU-stack
                0x0000000000000000        0x0 binaries/lfgetmode.o
 .note.GNU-stack
                0x0000000000000000        0x0 binaries/lfiballoc.o
 .note.GNU-stack
                0x0000000000000000        0x0 binaries/lfibclear.o
 .note.GNU-stack
                0x0000000000000000        0x0 binaries/lfibget.o
 .note.GNU-stack
                0x0000000000000000        0x0 binaries/lfibput.o
 .note.GNU-stack
                0x0000000000000000        0x0 binaries/lflclose.o
 .note.GNU-stack
                0x0000000000000000        0x0 binaries/lflcontrol.o
 .note.GNU-stack
                0x0000000000000000        0x0 binaries/lflgetc.o
 .note.GNU-stack
                0x0000000000000000        0x0 binaries/lflinit.o
 .note.GNU-stack
                0x0000000000000000        0x0 binaries/lflputc.o
 .note.GNU-stack
                0x0000000000000000        0x0 binaries/lflread.o
 .note.GNU-stack
                0x0000000000000000        0x0 binaries/lflseek.o
 .note.GNU-stack
                0x0000000000000000        0x0 binaries/lflwrite.o
 .note.GNU-stack
                0x0000000000000000        0x0 binaries/lfscheck.o
 .note.GNU-stack
                0x0000000000000000        0x0 binaries/lfsckfmt.o
 .note.GNU-stack
                0x0000000000000000        0x0 binaries/lfscreate.o
 .note.GNU-stack
                0x0000000000000000        0x0 binaries/lfsetup.o
 .note.GNU-stack
                0x0000000000000000        0x0 binaries/lfsinit.o
 .note.GNU-stack
                0x0000000000000000        0x0 binaries/lfsopen.o
 .note.GNU-stack
                0x0000000000000000        0x0 binaries/lftruncate.o
 .note.GNU-stack
                0x0000000000000000        0x0 binaries/rflclose.o
 .note.GNU-stack
                0x0000000000000000        0x0 binaries/rflgetc.o
 .note.GNU-stack
                0x0000000000000000        0x0 binaries/rflinit.o
 .note.GNU-stack
                0x0000000000000000        0x0 binaries/rflputc.o
 .note.GNU-stack
                0x0000000000000000        0x0 binaries/rflread.o
 .note.GNU-stack
                0x0000000000000000        0x0 binaries/rflseek.o
 .note.GNU-stack
                0x0000000000000000        0x0 binaries/rflwrite.o
 .note.GNU-stack
                0x0000000000000000        0x0 binaries/rfscomm.o
 .note.GNU-stack
                0x0000000000000000        0x0 binaries/rfscontrol.o
 .note.GNU-stack
                0x0000000000000000        0x0 binaries/rfsgetmode.o
 .note.GNU-stack
                0x0000000000000000        0x0 binaries/rfsinit.o
 .note.GNU-stack
                0x0000000000000000        0x0 binaries/rfsndmsg.o
 .note.GNU-stack
                0x0000000000000000        0x0 binaries/rfsopen.o
 .note.GNU-stack
                0x0000000000000000        0x0 binaries/arp.o
 .note.GNU-stack
                0x0000000000000000        0x0 binaries/dhcp.o
 .note.GNU-stack
                0x0000000000000000        0x0 binaries/dns.o
 .note.GNU-stack
                0x0000000000000000        0x0 binaries/dot2ip.o
 .note.GNU-stack
                0x0000000000000000        0x0 binaries/hexdump.o
 .note.GNU-stack
                0x0000000000000000        0x0 binaries/icmp.o
 .note.GNU-stack
                0x0000000000000000        0x0 binaries/ip.o
 .note.GNU-stack
                0x0000000000000000        0x0 binaries/net.o
 .note.GNU-stack
                0x0000000000000000        0x0 binaries/pdump.o
 .note.GNU-stack
                0x0000000000000000        0x0 binaries/tftp.o
 .note.GNU-stack
                0x0000000000000000        0x0 binaries/udp.o
 .note.GNU-stack
                0x0000000000000000        0x0 binaries/addargs.o
 .note.GNU-stack
                0x0000000000000000        0x0 binaries/lexan.o
 .note.GNU-stack
                0x0000000000000000        0x0 binaries/shell.o
 .note.GNU-stack
                0x0000000000000000        0x0 binaries/xsh_argecho.o
 .note.GNU-stack
                0x0000000000000000        0x0 binaries/xsh_arp.o
 .note.GNU-stack
                0x0000000000000000        0x0 binaries/xsh_cat.o
 .note.GNU-stack
                0x0000000000000000        0x0 binaries/xsh_clear.o
 .note.GNU-stack
                0x0000000000000000        0x0 binaries/xsh_date.o
 .note.GNU-stack
                0x0000000000000000        0x0 binaries/xsh_devdump.o
 .note.GNU-stack
                0x0000000000000000        0x0 binaries/xsh_echo.o
 .note.GNU-stack
                0x0000000000000000        0x0 binaries/xsh_exit.o
 .note.GNU-stack
                0x0000000000000000        0x0 binaries/xsh_help.o
 .note.GNU-stack
                0x0000000000000000        0x0 binaries/xsh_kill.o
 .note.GNU-stack
                0x0000000000000000        0x0 binaries/xsh_ls.o
 .note.GNU-stack
                0x0000000000000000        0x0 binaries/xsh_memdump.o
 .note.GNU-stack
                0x0000000000000000        0x0 binaries/xsh_memstat.o
 .note.GNU-stack
                0x0000000000000000        0x0 binaries/xsh_netinfo.o
 .note.GNU-stack
                0x0000000000000000        0x0 binaries/xsh_ns.o
 .note.GNU-stack
                0x0000000000000000        0x0 binaries/xsh_ping.o
 .note.GNU-stack
                0x0000000000000000        0x0 binaries/xsh_ps.o
 .note.GNU-stack
                0x0000000000000000        0x0 binaries/xsh_sleep.o
 .note.GNU-stack
                0x0000000000000000        0x0 binaries/xsh_udpdump.o
 .note.GNU-stack
                0x0000000000000000        0x0 binaries/xsh_udpecho.o
 .note.GNU-stack
                0x0000000000000000        0x0 binaries/xsh_udpserver.o
 .note.GNU-stack
                0x0000000000000000        0x0 binaries/xsh_uptime.o
