
Allocating common symbols
Common symbol       size              file

netbufpool          0x4               binaries/net.o
tmp                 0x4               binaries/control_reg.o
readylist           0x2               binaries/ready.o
rfltab              0x5a0             binaries/rflinit.o
netportseed         0x8               binaries/net.o
sleepq              0x2               binaries/clkinit.o
nnames              0x4               binaries/naminit.o
udptab              0x168             binaries/udp.o
minheap             0x4               binaries/meminit.o
marks               0x50              binaries/mark.o
currpid             0x4               binaries/initialize.o
Lf_data             0x20c             binaries/lfsinit.o
porttab             0x2d0             binaries/ptinit.o
girmask             0x2               binaries/evec.o
ttytab              0x110             binaries/ttyinit.o
proctab             0x1c20            binaries/initialize.o
prcount             0x4               binaries/initialize.o
lfltab              0xf00             binaries/lflinit.o
rdstab              0x7c              binaries/rdsinit.o
ethertab            0x130             binaries/ethinit.o
NetData             0xb0              binaries/net.o
nmarks              0x4               binaries/mark.o
initsp              0x4               binaries/i386.o
Defer               0x8               binaries/resched.o
semtab              0x4b0             binaries/initialize.o
maxheap             0x4               binaries/meminit.o
preempt             0x4               binaries/clkinit.o
buftab              0xf0              binaries/bufinit.o
Rf_data             0x18              binaries/rfsinit.o
mkmutex             0x4               binaries/mark.o
clktime             0x4               binaries/clkinit.o
arpcache            0x140             binaries/arp.o
icmptab             0x230             binaries/icmp.o
nbpools             0x4               binaries/bufinit.o
queuetab            0x980             binaries/queue.o
ptnextid            0x4               binaries/ptinit.o
Ram                 0x19000           binaries/raminit.o
ipoqueue            0x2c              binaries/ip.o
memlist             0x8               binaries/initialize.o
nametab             0x5200            binaries/naminit.o
ptfree              0x4               binaries/ptinit.o

Memory Configuration

Name             Origin             Length             Attributes
*default*        0x0000000000000000 0xffffffffffffffff

Linker script and memory map

                0x0000000000100000                physbase = 0x100000
                0x0000000000100000                . = physbase
                0x0000000000100000                . = ALIGN (0x1000)

.text           0x0000000000100000    0x1e000
                0x0000000000100000                text = ABSOLUTE (.)
 *(.text .text.*)
 .text          0x0000000000100000      0x165 binaries/start.o
                0x0000000000100020                entry
                0x000000000010003d                start
                0x00000000001000a5                inb
                0x00000000001000ad                inw
                0x00000000001000b6                inl
                0x00000000001000be                outb
                0x00000000001000c8                outw
                0x00000000001000d3                outl
                0x00000000001000dd                _rtcin
                0x00000000001000e8                ___udivsi3
                0x00000000001000f3                ___divsi3
                0x00000000001000ff                sbzero
                0x000000000010010f                bcopy
                0x0000000000100123                insw
                0x0000000000100139                outsw
                0x000000000010014f                lidt
                0x0000000000100157                jumptocode
                0x000000000010015e                jumptobootcode
 .text          0x0000000000100165      0x405 binaries/ascdate.o
                0x0000000000100165                ascdate
 .text          0x000000000010056a       0x14 binaries/bufinit.o
                0x000000000010056a                bufinit
 .text          0x000000000010057e       0x87 binaries/chprio.o
                0x000000000010057e                chprio
 .text          0x0000000000100605       0x96 binaries/clkhandler.o
                0x0000000000100605                clkhandler
 .text          0x000000000010069b       0x89 binaries/clkinit.o
                0x000000000010069b                clkinit
 .text          0x0000000000100724       0x6a binaries/close.o
                0x0000000000100724                close
 .text          0x000000000010078e        0x0 binaries/conf.o
 .text          0x000000000010078e       0x7f binaries/control.o
                0x000000000010078e                control
 .text          0x000000000010080d      0x174 binaries/control_reg.o
                0x000000000010080d                read_cr0
                0x000000000010083d                read_cr2
                0x000000000010086d                read_cr3
                0x000000000010089d                read_cr4
                0x00000000001008cd                write_cr0
                0x00000000001008fa                write_cr3
                0x0000000000100927                write_cr4
                0x0000000000100954                enable_paging
                0x0000000000100976                invlpg
 .text          0x0000000000100981      0x2c2 binaries/create.o
                0x0000000000100981                create
 .text          0x0000000000100c43      0x365 binaries/evec.o
                0x0000000000100c43                initevec
                0x0000000000100c99                set_evec
                0x0000000000100d3b                trap
 .text          0x0000000000100fa8       0x15 binaries/exit.o
                0x0000000000100fa8                exit
 .text          0x0000000000100fbd       0x82 binaries/freebuf.o
                0x0000000000100fbd                freebuf
 .text          0x000000000010103f      0x167 binaries/freemem.o
                0x000000000010103f                freemem
 .text          0x00000000001011a6       0x80 binaries/getbuf.o
                0x00000000001011a6                getbuf
 .text          0x0000000000101226       0x6a binaries/getc.o
                0x0000000000101226                getc
 .text          0x0000000000101290       0x72 binaries/getdev.o
                0x0000000000101290                getdev
 .text          0x0000000000101302       0xc8 binaries/getitem.o
                0x0000000000101302                getfirst
                0x0000000000101343                getlast
                0x0000000000101386                getitem
 .text          0x00000000001013ca       0xfb binaries/getmem.o
                0x00000000001013ca                getmem
 .text          0x00000000001014c5        0xa binaries/getpid.o
                0x00000000001014c5                getpid
 .text          0x00000000001014cf       0x6f binaries/getprio.o
                0x00000000001014cf                getprio
 .text          0x000000000010153e       0xf2 binaries/getstk.o
                0x000000000010153e                getstk
 .text          0x0000000000101630       0x16 binaries/getticks.o
                0x0000000000101630                getticks
 .text          0x0000000000101646       0x36 binaries/gettime.o
                0x0000000000101646                gettime
 .text          0x000000000010167c      0x1f5 binaries/getutime.o
                0x000000000010167c                getutime
 .text          0x0000000000101871      0x410 binaries/i386.o
                0x0000000000101871                setsegs
                0x000000000010198f                init8259
                0x0000000000101a64                pseg
                0x0000000000101c27                setirmask
 .text          0x0000000000101c81       0x6a binaries/init.o
                0x0000000000101c81                init
 .text          0x0000000000101ceb      0x416 binaries/initialize.o
                0x0000000000101ceb                nulluser
                0x00000000001020ac                stop
                0x00000000001020d3                delay
 .text          0x0000000000102101       0xda binaries/insert.o
                0x0000000000102101                insert
 .text          0x00000000001021db      0x10c binaries/insertd.o
                0x00000000001021db                insertd
 .text          0x00000000001022e7        0xa binaries/ioerr.o
                0x00000000001022e7                ioerr
 .text          0x00000000001022f1        0xa binaries/ionull.o
                0x00000000001022f1                ionull
 .text          0x00000000001022fb      0x18d binaries/kill.o
                0x00000000001022fb                kill
 .text          0x0000000000102488      0x17b binaries/kprintf.o
                0x0000000000102488                kputc
                0x0000000000102531                kgetc
                0x00000000001025d6                kprintf
 .text          0x0000000000102603      0x918 binaries/main.o
                0x0000000000102603                sync_printf
                0x00000000001026b0                process_info
                0x00000000001026fc                empty_process
                0x0000000000102716                vmalloc_process
                0x00000000001029fc                vmalloc_process2
                0x0000000000102bfe                main
 .text          0x0000000000102f1b       0xac binaries/mark.o
                0x0000000000102f1b                markinit
                0x0000000000102f3e                mark
 .text          0x0000000000102fc7       0xc0 binaries/meminit.o
                0x0000000000102fc7                meminit
 .text          0x0000000000103087      0x15f binaries/mkbufpool.o
                0x0000000000103087                mkbufpool
 .text          0x00000000001031e6       0x94 binaries/newqueue.o
                0x00000000001031e6                newqueue
 .text          0x000000000010327a       0x78 binaries/open.o
                0x000000000010327a                open
 .text          0x00000000001032f2      0x204 binaries/pagefault_handler.o
                0x0000000000103340                pagefault_handler
 .text          0x00000000001034f6      0x5b6 binaries/paging.o
                0x00000000001034f6                free_ffs_pages
                0x0000000000103500                used_ffs_frames
                0x0000000000103573                allocated_virtual_pages
                0x00000000001035c7                ffs_alloc_frame
                0x00000000001036a9                ffs_free_frame
                0x0000000000103744                alloc_frame
                0x00000000001037bf                get_pte
                0x000000000010386b                map_region
                0x00000000001038e5                init_paging
                0x00000000001039fd                vm_cleanup
 .text          0x0000000000103aac       0x20 binaries/panic.o
                0x0000000000103aac                panic
 .text          0x0000000000103acc      0x498 binaries/pci.o
                0x0000000000103acc                pci_init
                0x0000000000103d98                find_pci_device
                0x0000000000103de6                pci_bios_read_config_byte
                0x0000000000103e25                pci_bios_read_config_word
                0x0000000000103e67                pci_bios_read_config_dword
                0x0000000000103ea6                pci_bios_write_config_byte
                0x0000000000103ee7                pci_bios_write_config_word
                0x0000000000103f29                pci_bios_write_config_dword
 .text          0x0000000000103f64       0xe6 binaries/ptclear.o
                0x0000000000103f64                _ptclear
 .text          0x000000000010404a       0x8f binaries/ptcount.o
                0x000000000010404a                ptcount
 .text          0x00000000001040d9      0x105 binaries/ptcreate.o
                0x00000000001040d9                ptcreate
 .text          0x00000000001041de       0x80 binaries/ptdelete.o
                0x00000000001041de                ptdelete
 .text          0x000000000010425e       0xb7 binaries/ptinit.o
                0x000000000010425e                ptinit
 .text          0x0000000000104315      0x10a binaries/ptrecv.o
                0x0000000000104315                ptrecv
 .text          0x000000000010441f       0x78 binaries/ptreset.o
                0x000000000010441f                ptreset
 .text          0x0000000000104497      0x128 binaries/ptsend.o
                0x0000000000104497                ptsend
 .text          0x00000000001045bf       0x78 binaries/putc.o
                0x00000000001045bf                putc
 .text          0x0000000000104637      0x109 binaries/queue.o
                0x0000000000104637                enqueue
                0x00000000001046d7                dequeue
 .text          0x0000000000104740       0x78 binaries/read.o
                0x0000000000104740                read
 .text          0x00000000001047b8       0x7c binaries/ready.o
                0x00000000001047b8                ready
 .text          0x0000000000104834       0x5d binaries/receive.o
                0x0000000000104834                receive
 .text          0x0000000000104891       0x59 binaries/recvclr.o
                0x0000000000104891                recvclr
 .text          0x00000000001048ea       0xb8 binaries/recvtime.o
                0x00000000001048ea                recvtime
 .text          0x00000000001049a2      0x196 binaries/resched.o
                0x00000000001049a2                resched
                0x0000000000104ac3                resched_cntl
 .text          0x0000000000104b38       0x9e binaries/resume.o
                0x0000000000104b38                resume
 .text          0x0000000000104bd6       0x71 binaries/seek.o
                0x0000000000104bd6                seek
 .text          0x0000000000104c47       0x69 binaries/semcount.o
                0x0000000000104c47                semcount
 .text          0x0000000000104cb0       0xcf binaries/semcreate.o
                0x0000000000104cb0                semcreate
 .text          0x0000000000104d7f       0xba binaries/semdelete.o
                0x0000000000104d7f                semdelete
 .text          0x0000000000104e39       0xbc binaries/semreset.o
                0x0000000000104e39                semreset
 .text          0x0000000000104ef5       0xd4 binaries/send.o
                0x0000000000104ef5                send
 .text          0x0000000000104fc9       0x97 binaries/signal.o
                0x0000000000104fc9                signal
 .text          0x0000000000105060       0xc3 binaries/signaln.o
                0x0000000000105060                signaln
 .text          0x0000000000105123       0xe3 binaries/sleep.o
                0x0000000000105123                sleep
                0x000000000010516d                sleepms
 .text          0x0000000000105206      0x1ab binaries/stacktrace.o
                0x0000000000105206                stacktrace
 .text          0x00000000001053b1       0xd4 binaries/suspend.o
                0x00000000001053b1                suspend
 .text          0x0000000000105485       0xd6 binaries/unsleep.o
                0x0000000000105485                unsleep
 .text          0x000000000010555b       0x15 binaries/userret.o
                0x000000000010555b                userret
 .text          0x0000000000105570      0x332 binaries/vcreate.o
                0x00000000001055d2                vcreate
 .text          0x00000000001058a2      0x37b binaries/vfree.o
                0x0000000000105a08                vfree
 .text          0x0000000000105c1d      0x195 binaries/vmalloc.o
                0x0000000000105c3c                vmalloc
 .text          0x0000000000105db2       0xd1 binaries/wait.o
                0x0000000000105db2                wait
 .text          0x0000000000105e83       0x68 binaries/wakeup.o
                0x0000000000105e83                wakeup
 .text          0x0000000000105eeb       0x78 binaries/write.o
                0x0000000000105eeb                write
 .text          0x0000000000105f63       0x19 binaries/xdone.o
                0x0000000000105f63                xdone
 .text          0x0000000000105f7c       0x25 binaries/yield.o
                0x0000000000105f7c                yield
 .text          0x0000000000105fa1       0x11 binaries/abs.o
                0x0000000000105fa1                abs
 .text          0x0000000000105fb2       0x8f binaries/atoi.o
                0x0000000000105fb2                atoi
 .text          0x0000000000106041       0x8f binaries/atol.o
                0x0000000000106041                atol
 .text          0x00000000001060d0       0x31 binaries/bzero.o
                0x00000000001060d0                bzero
 .text          0x0000000000106101        0x0 binaries/ctype_.o
 .text          0x0000000000106101      0x8f8 binaries/doprnt.o
                0x0000000000106101                _doprnt
 .text          0x00000000001069f9      0x6a2 binaries/doscan.o
                0x00000000001069f9                _doscan
 .text          0x000000000010709b      0x723 binaries/fdoprnt.o
                0x000000000010709b                _fdoprnt
 .text          0x00000000001077be       0x26 binaries/fgetc.o
                0x00000000001077be                fgetc
 .text          0x00000000001077e4       0x72 binaries/fgets.o
                0x00000000001077e4                fgets
 .text          0x0000000000107856       0x34 binaries/fprintf.o
                0x0000000000107856                fprintf
 .text          0x000000000010788a       0x2c binaries/fputc.o
                0x000000000010788a                fputc
 .text          0x00000000001078b6       0x43 binaries/fputs.o
                0x00000000001078b6                fputs
 .text          0x00000000001078f9       0x92 binaries/fscanf.o
                0x00000000001078f9                fscanf
 .text          0x000000000010798b       0x2a binaries/getchar.o
                0x000000000010798b                getchar
 .text          0x00000000001079b5       0x11 binaries/labs.o
                0x00000000001079b5                labs
 .text          0x00000000001079c6       0x51 binaries/memcmp.o
                0x00000000001079c6                memcmp
 .text          0x0000000000107a17       0x3f binaries/memcpy.o
                0x0000000000107a17                memcpy
 .text          0x0000000000107a56       0x30 binaries/memset.o
                0x0000000000107a56                memset
 .text          0x0000000000107a86       0x4d binaries/printf.o
                0x0000000000107a86                printf
 .text          0x0000000000107ad3       0x31 binaries/putchar.o
                0x0000000000107ad3                putchar
 .text          0x0000000000107b04      0x28c binaries/qsort.o
                0x0000000000107b04                qsort
 .text          0x0000000000107d90       0x5f binaries/rand.o
                0x0000000000107d90                rand
                0x0000000000107da4                rand_r
                0x0000000000107de2                srand
 .text          0x0000000000107def       0x6f binaries/sprintf.o
                0x0000000000107def                sprintf
 .text          0x0000000000107e5e       0x7f binaries/sscanf.o
                0x0000000000107e5e                sscanf
 .text          0x0000000000107edd       0x3c binaries/strchr.o
                0x0000000000107edd                strchr
 .text          0x0000000000107f19       0x45 binaries/strcmp.o
                0x0000000000107f19                strcmp
 .text          0x0000000000107f5e       0x27 binaries/strcpy.o
                0x0000000000107f5e                strcpy
 .text          0x0000000000107f85       0x26 binaries/strlen.o
                0x0000000000107f85                strlen
 .text          0x0000000000107fab       0x56 binaries/strncat.o
                0x0000000000107fab                strncat
 .text          0x0000000000108001       0x5e binaries/strncmp.o
                0x0000000000108001                strncmp
 .text          0x000000000010805f       0x4f binaries/strncpy.o
                0x000000000010805f                strncpy
 .text          0x00000000001080ae       0x2e binaries/strnlen.o
                0x00000000001080ae                strnlen
 .text          0x00000000001080dc       0x45 binaries/strrchr.o
                0x00000000001080dc                strrchr
 .text          0x0000000000108121       0x6d binaries/strstr.o
                0x0000000000108121                strstr
 .text          0x000000000010818e       0xd8 binaries/ttycontrol.o
                0x000000000010818e                ttycontrol
 .text          0x0000000000108266       0x93 binaries/ttygetc.o
                0x0000000000108266                ttygetc
 .text          0x00000000001082f9      0x756 binaries/ttyhandle_in.o
                0x00000000001082f9                ttyhandle_in
 .text          0x0000000000108a4f      0x19f binaries/ttyhandle_out.o
                0x0000000000108a4f                ttyhandle_out
 .text          0x0000000000108bee       0xc6 binaries/ttyhandler.o
                0x0000000000108bee                ttyhandler
 .text          0x0000000000108cb4      0x22b binaries/ttyinit.o
                0x0000000000108cb4                ttyinit
 .text          0x0000000000108edf       0x1d binaries/ttykickout.o
                0x0000000000108edf                ttykickout
 .text          0x0000000000108efc       0xb2 binaries/ttyputc.o
                0x0000000000108efc                ttyputc
 .text          0x0000000000108fae      0x10f binaries/ttyread.o
                0x0000000000108fae                ttyread
 .text          0x00000000001090bd       0x4f binaries/ttywrite.o
                0x00000000001090bd                ttywrite
 .text          0x000000000010910c      0x16a binaries/mount.o
                0x000000000010910c                mount
                0x0000000000109240                namlen
 .text          0x0000000000109276      0x229 binaries/naminit.o
                0x0000000000109276                naminit
 .text          0x000000000010949f      0x216 binaries/nammap.o
                0x000000000010949f                nammap
                0x0000000000109530                namrepl
                0x0000000000109665                namcpy
 .text          0x00000000001096b5       0x55 binaries/namopen.o
                0x00000000001096b5                namopen
 .text          0x000000000010970a      0xfa3 binaries/82545EMInit.o
                0x0000000000109761                _82545EMInit
                0x000000000010a507                _82545EM_read_phy_reg
                0x000000000010a5d6                _82545EM_write_phy_reg
 .text          0x000000000010a6ad      0x24c binaries/ethcontrol.o
                0x000000000010a704                ethcontrol
                0x000000000010a881                ethIrqDisable
                0x000000000010a8bd                ethIrqEnable
 .text          0x000000000010a8f9      0x241 binaries/ethhandler.o
                0x000000000010aa6a                ethhandler
 .text          0x000000000010ab3a      0x122 binaries/ethinit.o
                0x000000000010ab3a                ethinit
 .text          0x000000000010ac5c      0x1f0 binaries/ethread.o
                0x000000000010acb3                ethread
 .text          0x000000000010ae4c      0x19a binaries/ethwrite.o
                0x000000000010aea3                ethwrite
 .text          0x000000000010afe6      0x2c1 binaries/rdscomm.o
                0x000000000010afe6                rdscomm
 .text          0x000000000010b2a7      0x21b binaries/rdscontrol.o
                0x000000000010b2a7                rdscontrol
 .text          0x000000000010b4c2       0x4e binaries/rdsinit.o
                0x000000000010b4c2                rdsinit
 .text          0x000000000010b510      0x385 binaries/rdsopen.o
                0x000000000010b510                rdsopen
 .text          0x000000000010b895      0x40d binaries/rdsprocess.o
                0x000000000010b895                rdsprocess
 .text          0x000000000010bca2      0x5b2 binaries/rdsqfcns.o
                0x000000000010bca2                rdqunlink
                0x000000000010bd44                rdqinsert
                0x000000000010bd99                rdcunlink
                0x000000000010be43                rdcinsert
                0x000000000010bf24                edqdump
                0x000000000010c0e0                edcdump
 .text          0x000000000010c254      0x1d7 binaries/rdsread.o
                0x000000000010c254                rdsread
 .text          0x000000000010c42b       0x58 binaries/rdssetprio.o
                0x000000000010c42b                rdssetprio
 .text          0x000000000010c483      0x117 binaries/rdswrite.o
                0x000000000010c483                rdswrite
 .text          0x000000000010c59a        0xa binaries/ramclose.o
                0x000000000010c59a                ramclose
 .text          0x000000000010c5a4       0x45 binaries/raminit.o
                0x000000000010c5a4                raminit
 .text          0x000000000010c5e9        0xa binaries/ramopen.o
                0x000000000010c5e9                ramopen
 .text          0x000000000010c5f3       0x35 binaries/ramread.o
                0x000000000010c5f3                ramread
 .text          0x000000000010c628       0x36 binaries/ramwrite.o
                0x000000000010c628                ramwrite
 .text          0x000000000010c65e       0x9e binaries/lfdballoc.o
                0x000000000010c65e                lfdballoc
 .text          0x000000000010c6fc       0x62 binaries/lfdbfree.o
                0x000000000010c6fc                lfdbfree
 .text          0x000000000010c75e       0xbf binaries/lfflush.o
                0x000000000010c75e                lfflush
 .text          0x000000000010c81d       0xd8 binaries/lfgetmode.o
                0x000000000010c81d                lfgetmode
 .text          0x000000000010c8f5       0x6c binaries/lfiballoc.o
                0x000000000010c8f5                lfiballoc
 .text          0x000000000010c961       0x3b binaries/lfibclear.o
                0x000000000010c961                lfibclear
 .text          0x000000000010c99c       0xae binaries/lfibget.o
                0x000000000010c99c                lfibget
 .text          0x000000000010ca4a       0xe0 binaries/lfibput.o
                0x000000000010ca4a                lfibput
 .text          0x000000000010cb2a       0x93 binaries/lflclose.o
                0x000000000010cb2a                lflclose
 .text          0x000000000010cbbd       0xb5 binaries/lflcontrol.o
                0x000000000010cbbd                lflcontrol
 .text          0x000000000010cc72       0xdf binaries/lflgetc.o
                0x000000000010cc72                lflgetc
 .text          0x000000000010cd51       0xfb binaries/lflinit.o
                0x000000000010cd51                lflinit
 .text          0x000000000010ce4c      0x10f binaries/lflputc.o
                0x000000000010ce4c                lflputc
 .text          0x000000000010cf5b       0x6d binaries/lflread.o
                0x000000000010cf5b                lflread
 .text          0x000000000010cfc8       0x9c binaries/lflseek.o
                0x000000000010cfc8                lflseek
 .text          0x000000000010d064       0x55 binaries/lflwrite.o
                0x000000000010d064                lflwrite
 .text          0x000000000010d0b9       0x62 binaries/lfscheck.o
                0x000000000010d0b9                lfscheck
 .text          0x000000000010d11b      0x176 binaries/lfsckfmt.o
                0x000000000010d11b                lfsckfmt
 .text          0x000000000010d291      0x221 binaries/lfscreate.o
                0x000000000010d291                lfscreate
 .text          0x000000000010d4b2      0x282 binaries/lfsetup.o
                0x000000000010d4b2                lfsetup
 .text          0x000000000010d734       0x55 binaries/lfsinit.o
                0x000000000010d734                lfsinit
 .text          0x000000000010d789      0x3cb binaries/lfsopen.o
                0x000000000010d789                lfsopen
 .text          0x000000000010db54      0x161 binaries/lftruncate.o
                0x000000000010db54                lftruncate
 .text          0x000000000010dcb5      0x1a5 binaries/rflclose.o
                0x000000000010dcb5                rflclose
 .text          0x000000000010de5a       0x5d binaries/rflgetc.o
                0x000000000010de5a                rflgetc
 .text          0x000000000010deb7       0x76 binaries/rflinit.o
                0x000000000010deb7                rflinit
 .text          0x000000000010df2d       0x39 binaries/rflputc.o
                0x000000000010df2d                rflputc
 .text          0x000000000010df66      0x386 binaries/rflread.o
                0x000000000010df66                rflread
 .text          0x000000000010e2ec       0x68 binaries/rflseek.o
                0x000000000010e2ec                rflseek
 .text          0x000000000010e354      0x336 binaries/rflwrite.o
                0x000000000010e354                rflwrite
 .text          0x000000000010e68a      0x22f binaries/rfscomm.o
                0x000000000010e68a                rfscomm
 .text          0x000000000010e8b9      0x258 binaries/rfscontrol.o
                0x000000000010e8b9                rfscontrol
 .text          0x000000000010eb11       0xd8 binaries/rfsgetmode.o
                0x000000000010eb11                rfsgetmode
 .text          0x000000000010ebe9       0x61 binaries/rfsinit.o
                0x000000000010ebe9                rfsinit
 .text          0x000000000010ec4a      0x128 binaries/rfsndmsg.o
                0x000000000010ec4a                rfsndmsg
 .text          0x000000000010ed72      0x28d binaries/rfsopen.o
                0x000000000010ed72                rfsopen
 .text          0x000000000010efff      0x855 binaries/arp.o
                0x000000000010efff                arp_init
                0x000000000010f031                arp_resolve
                0x000000000010f2fe                arp_in
                0x000000000010f5b0                arp_alloc
                0x000000000010f67c                arp_ntoh
                0x000000000010f768                arp_hton
 .text          0x000000000010f854      0x947 binaries/dhcp.o
                0x000000000010f854                dhcp_get_opt_val
                0x000000000010f8ad                dhcp_bld_bootp_msg
                0x000000000010f9d7                dhcp_bld_disc
                0x000000000010fabd                dhcp_bld_req
                0x000000000010fc3a                getlocalip
 .text          0x000000000011019b      0x6e3 binaries/dns.o
                0x000000000011019b                dnslookup
 .text          0x000000000011087e       0xe0 binaries/dot2ip.o
                0x000000000011087e                dot2ip
 .text          0x000000000011095e      0x468 binaries/hexdump.o
                0x000000000011095e                hexdump
                0x0000000000110ae1                hexadump
 .text          0x0000000000110dc6      0x8c4 binaries/icmp.o
                0x0000000000110dc6                icmp_init
                0x0000000000110dfc                icmp_in
                0x0000000000111004                icmp_register
                0x00000000001110f6                icmp_recv
                0x000000000011126f                icmp_send
                0x0000000000111304                icmp_mkpkt
                0x000000000011141f                icmp_release
                0x000000000011150f                icmp_cksum
                0x00000000001115a2                icmp_hton
                0x0000000000111616                icmp_ntoh
 .text          0x000000000011168a      0x81d binaries/ip.o
                0x000000000011168a                ip_in
                0x00000000001117d6                ip_send
                0x0000000000111918                ip_local
                0x000000000011195b                ip_out
                0x0000000000111a88                ipcksum
                0x0000000000111b0e                ip_ntoh
                0x0000000000111bfa                ip_hton
                0x0000000000111ce6                ipout
                0x0000000000111e08                ip_enqueue
 .text          0x0000000000111ea7      0x2ed binaries/net.o
                0x0000000000111ea7                net_init
                0x0000000000111fff                netin
                0x00000000001120ab                eth_hton
                0x00000000001120d5                eth_ntoh
                0x00000000001120ff                getport
 .text          0x0000000000112194     0x1539 binaries/pdump.o
                0x0000000000112194                pdump
                0x0000000000112fb0                pdumph
 .text          0x00000000001136cd      0x64a binaries/tftp.o
                0x00000000001136cd                tftp_send1
                0x000000000011385d                tftpget
                0x000000000011389f                tftpget_mb
 .text          0x0000000000113d17      0xb08 binaries/udp.o
                0x0000000000113d17                udp_init
                0x0000000000113d4b                udp_in
                0x0000000000113e86                udp_register
                0x0000000000113fba                udp_recv
                0x0000000000114140                udp_recvaddr
                0x00000000001142de                udp_send
                0x00000000001144ad                udp_sendto
                0x0000000000114648                udp_release
                0x0000000000114735                udp_ntoh
                0x00000000001147aa                udp_hton
 .text          0x000000000011481f      0x134 binaries/addargs.o
                0x000000000011481f                addargs
 .text          0x0000000000114953      0x2c9 binaries/lexan.o
                0x0000000000114953                lexan
 .text          0x0000000000114c1c      0x6e7 binaries/shell.o
                0x0000000000114c1c                shell
 .text          0x0000000000115303       0x68 binaries/xsh_argecho.o
                0x0000000000115303                xsh_argecho
 .text          0x000000000011536b      0x23a binaries/xsh_arp.o
                0x000000000011536b                xsh_arp
 .text          0x00000000001155a5      0x245 binaries/xsh_cat.o
                0x00000000001155a5                xsh_cat
 .text          0x00000000001157ea       0x59 binaries/xsh_clear.o
                0x00000000001157ea                xsh_clear
 .text          0x0000000000115843      0x2e0 binaries/xsh_date.o
                0x0000000000115843                xsh_date
 .text          0x0000000000115b23       0xab binaries/xsh_devdump.o
                0x0000000000115b23                xsh_devdump
 .text          0x0000000000115bce       0x6c binaries/xsh_echo.o
                0x0000000000115bce                xsh_echo
 .text          0x0000000000115c3a        0xa binaries/xsh_exit.o
                0x0000000000115c3a                xsh_exit
 .text          0x0000000000115c44      0x368 binaries/xsh_help.o
                0x0000000000115c44                xsh_help
 .text          0x0000000000115fac      0x232 binaries/xsh_kill.o
                0x0000000000115fac                xsh_kill
 .text          0x00000000001161de      0x531 binaries/xsh_ls.o
                0x00000000001161de                xsh_ls
 .text          0x000000000011670f      0x50a binaries/xsh_memdump.o
                0x000000000011670f                xsh_memdump
 .text          0x0000000000116c19      0x291 binaries/xsh_memstat.o
                0x0000000000116c19                xsh_memstat
 .text          0x0000000000116eaa      0x5ae binaries/xsh_netinfo.o
                0x0000000000116eaa                xsh_netinfo
 .text          0x0000000000117458      0x5e8 binaries/xsh_ns.o
                0x0000000000117458                xsh_ns
 .text          0x0000000000117a40      0x3c7 binaries/xsh_ping.o
                0x0000000000117a40                xsh_ping
 .text          0x0000000000117e07      0x259 binaries/xsh_ps.o
                0x0000000000117e07                xsh_ps
 .text          0x0000000000118060      0x20f binaries/xsh_sleep.o
                0x0000000000118060                xsh_sleep
 .text          0x000000000011826f      0x2b2 binaries/xsh_udpdump.o
                0x000000000011826f                xsh_udpdump
 .text          0x0000000000118521      0x578 binaries/xsh_udpecho.o
                0x0000000000118521                xsh_udpecho
 .text          0x0000000000118a99      0x2c6 binaries/xsh_udpserver.o
                0x0000000000118a99                xsh_udpeserver
 .text          0x0000000000118d5f      0x1dd binaries/xsh_uptime.o
                0x0000000000118d5f                xsh_uptime
 .text          0x0000000000118f3c        0xe binaries/clkdisp.o
                0x0000000000118f3c                clkdisp
 .text          0x0000000000118f4a       0x19 binaries/ctxsw.o
                0x0000000000118f4a                ctxsw
 .text          0x0000000000118f63      0x368 binaries/intr.o
                0x0000000000118f63                disable
                0x0000000000118f6c                restore
                0x0000000000118f7a                enable
                0x0000000000118f7c                pause
                0x0000000000118f83                halt
                0x0000000000118f86                spurious_irq7
                0x0000000000118f8b                spurious_irq15
                0x0000000000118f9a                _Xint0
                0x0000000000118fa5                _Xint1
                0x0000000000118fb0                _Xint2
                0x0000000000118fbb                _Xint3
                0x0000000000118fc6                _Xint4
                0x0000000000118fd1                _Xint5
                0x0000000000118fdc                _Xint6
                0x0000000000118fe7                _Xint7
                0x0000000000118ff2                _Xint8
                0x0000000000118ffd                _Xint9
                0x0000000000119008                _Xint10
                0x0000000000119013                _Xint11
                0x0000000000119021                _Xint12
                0x000000000011902f                _Xint13
                0x000000000011903d                _Xint14
                0x000000000011904b                _Xint15
                0x0000000000119059                _Xint16
                0x0000000000119067                _Xint17
                0x0000000000119075                _Xint18
                0x0000000000119083                _Xint19
                0x0000000000119091                _Xint20
                0x000000000011909f                _Xint21
                0x00000000001190ad                _Xint22
                0x00000000001190bb                _Xint23
                0x00000000001190c9                _Xint24
                0x00000000001190d7                _Xint25
                0x00000000001190e5                _Xint26
                0x00000000001190f3                _Xint27
                0x0000000000119101                _Xint28
                0x000000000011910f                _Xint29
                0x000000000011911d                _Xint30
                0x000000000011912b                _Xint31
                0x0000000000119139                _Xint32
                0x0000000000119147                _Xint33
                0x0000000000119155                _Xint34
                0x0000000000119163                _Xint35
                0x0000000000119171                _Xint36
                0x000000000011917f                _Xint37
                0x000000000011918d                _Xint38
                0x000000000011919b                _Xint39
                0x00000000001191a9                _Xint40
                0x00000000001191b7                _Xint41
                0x00000000001191c5                _Xint42
                0x00000000001191d3                _Xint43
                0x00000000001191e1                _Xint44
                0x00000000001191ef                _Xint45
                0x00000000001191fd                _Xint46
                0x000000000011920b                defevec
 .text          0x00000000001192cb        0xd binaries/pagefault_handler_disp.o
                0x00000000001192cb                pagefault_handler_disp
 .text          0x00000000001192d8        0xf binaries/ttydispatch.o
                0x00000000001192d8                ttydispatch
 .text          0x00000000001192e7       0x13 binaries/ethdispatch.o
                0x00000000001192e7                ethdispatch
 *(.rodata .rodata.*)
 *fill*         0x00000000001192fa        0x2 
 .rodata        0x00000000001192fc       0x8e binaries/ascdate.o
 .rodata        0x000000000011938a       0xae binaries/conf.o
 .rodata        0x0000000000119438      0x22f binaries/evec.o
 *fill*         0x0000000000119667        0x1 
 .rodata        0x0000000000119668       0x61 binaries/getutime.o
 *fill*         0x00000000001196c9        0x3 
 .rodata        0x00000000001196cc       0x90 binaries/i386.o
 .rodata        0x000000000011975c      0x186 binaries/initialize.o
 *fill*         0x00000000001198e2        0x2 
 .rodata        0x00000000001198e4       0x20 binaries/kill.o
 .rodata        0x0000000000119904      0x57b binaries/main.o
 *fill*         0x0000000000119e7f        0x1 
 .rodata        0x0000000000119e80       0x87 binaries/pagefault_handler.o
 *fill*         0x0000000000119f07        0x1 
 .rodata        0x0000000000119f08       0xdb binaries/paging.o
 .rodata        0x0000000000119fe3        0xf binaries/panic.o
 *fill*         0x0000000000119ff2        0x2 
 .rodata        0x0000000000119ff4      0x1ec binaries/pci.o
 .rodata        0x000000000011a1e0       0x1d binaries/ptinit.o
 *fill*         0x000000000011a1fd        0x3 
 .rodata        0x000000000011a200       0x25 binaries/ptsend.o
 *fill*         0x000000000011a225        0x3 
 .rodata        0x000000000011a228       0xb7 binaries/stacktrace.o
 *fill*         0x000000000011a2df        0x1 
 .rodata        0x000000000011a2e0       0x34 binaries/vcreate.o
 .rodata        0x000000000011a314       0x27 binaries/xdone.o
 *fill*         0x000000000011a33b        0x5 
 .rodata        0x000000000011a340       0x81 binaries/ctype_.o
                0x000000000011a340                _ctype_
 *fill*         0x000000000011a3c1        0x3 
 .rodata        0x000000000011a3c4       0xee binaries/doprnt.o
 *fill*         0x000000000011a4b2        0x2 
 .rodata        0x000000000011a4b4       0x98 binaries/doscan.o
 .rodata        0x000000000011a54c       0xae binaries/fdoprnt.o
 *fill*         0x000000000011a5fa        0x2 
 .rodata        0x000000000011a5fc       0x20 binaries/ttycontrol.o
 .rodata        0x000000000011a61c       0x34 binaries/ttyhandler.o
 .rodata        0x000000000011a650       0x14 binaries/mount.o
 .rodata        0x000000000011a664       0x82 binaries/naminit.o
 *fill*         0x000000000011a6e6        0x2 
 .rodata        0x000000000011a6e8       0x2e binaries/82545EMInit.o
 *fill*         0x000000000011a716        0x2 
 .rodata        0x000000000011a718       0x78 binaries/ethinit.o
 .rodata        0x000000000011a790       0x18 binaries/ethread.o
 .rodata        0x000000000011a7a8       0x76 binaries/rdscomm.o
 *fill*         0x000000000011a81e        0x2 
 .rodata        0x000000000011a820       0x21 binaries/rdscontrol.o
 *fill*         0x000000000011a841        0x3 
 .rodata        0x000000000011a844       0xae binaries/rdsopen.o
 *fill*         0x000000000011a8f2        0x2 
 .rodata        0x000000000011a8f4       0x3e binaries/rdsprocess.o
 *fill*         0x000000000011a932        0x2 
 .rodata        0x000000000011a934       0xe2 binaries/rdsqfcns.o
 .rodata        0x000000000011aa16        0x9 binaries/raminit.o
 *fill*         0x000000000011aa1f        0x1 
 .rodata        0x000000000011aa20       0x36 binaries/lfdballoc.o
 .rodata        0x000000000011aa56       0x14 binaries/lfiballoc.o
 *fill*         0x000000000011aa6a        0x2 
 .rodata        0x000000000011aa6c       0x22 binaries/lflcontrol.o
 *fill*         0x000000000011aa8e        0x2 
 .rodata        0x000000000011aa90      0x118 binaries/lfsckfmt.o
 .rodata        0x000000000011aba8       0x66 binaries/lfsopen.o
 *fill*         0x000000000011ac0e        0x2 
 .rodata        0x000000000011ac10       0x21 binaries/rflclose.o
 *fill*         0x000000000011ac31        0x3 
 .rodata        0x000000000011ac34       0x21 binaries/rflread.o
 *fill*         0x000000000011ac55        0x3 
 .rodata        0x000000000011ac58       0x21 binaries/rflwrite.o
 *fill*         0x000000000011ac79        0x3 
 .rodata        0x000000000011ac7c       0xa1 binaries/rfscomm.o
 *fill*         0x000000000011ad1d        0x3 
 .rodata        0x000000000011ad20       0x3c binaries/rfscontrol.o
 .rodata        0x000000000011ad5c       0x2b binaries/rfsinit.o
 *fill*         0x000000000011ad87        0x1 
 .rodata        0x000000000011ad88       0x2a binaries/rfsndmsg.o
 *fill*         0x000000000011adb2        0x2 
 .rodata        0x000000000011adb4       0x21 binaries/rfsopen.o
 *fill*         0x000000000011add5        0x3 
 .rodata        0x000000000011add8       0x3a binaries/arp.o
 *fill*         0x000000000011ae12        0x2 
 .rodata        0x000000000011ae14       0xcf binaries/dhcp.o
 .rodata        0x000000000011aee3       0x24 binaries/dns.o
 *fill*         0x000000000011af07        0x1 
 .rodata        0x000000000011af08       0xc9 binaries/hexdump.o
 *fill*         0x000000000011afd1        0x3 
 .rodata        0x000000000011afd4       0x29 binaries/icmp.o
 *fill*         0x000000000011affd        0x3 
 .rodata        0x000000000011b000       0x52 binaries/ip.o
 *fill*         0x000000000011b052        0x2 
 .rodata        0x000000000011b054       0x4f binaries/net.o
 *fill*         0x000000000011b0a3        0x1 
 .rodata        0x000000000011b0a4      0x26f binaries/pdump.o
 *fill*         0x000000000011b313        0x1 
 .rodata        0x000000000011b314      0x154 binaries/tftp.o
 *fill*         0x000000000011b468       0x18 
 .rodata        0x000000000011b480      0x3f9 binaries/shell.o
                0x000000000011b520                cmdtab
 .rodata        0x000000000011b879       0x28 binaries/xsh_argecho.o
 *fill*         0x000000000011b8a1        0x3 
 .rodata        0x000000000011b8a4      0x123 binaries/xsh_arp.o
 *fill*         0x000000000011b9c7        0x1 
 .rodata        0x000000000011b9c8       0xc9 binaries/xsh_cat.o
 .rodata        0x000000000011ba91       0x19 binaries/xsh_clear.o
 *fill*         0x000000000011baaa        0x2 
 .rodata        0x000000000011baac      0x1c3 binaries/xsh_date.o
 .rodata        0x000000000011bc6f       0x5d binaries/xsh_devdump.o
 .rodata        0x000000000011bccc        0x9 binaries/xsh_echo.o
 *fill*         0x000000000011bcd5        0x3 
 .rodata        0x000000000011bcd8      0x169 binaries/xsh_help.o
 *fill*         0x000000000011be41        0x3 
 .rodata        0x000000000011be44      0x12e binaries/xsh_kill.o
 *fill*         0x000000000011bf72        0x2 
 .rodata        0x000000000011bf74      0x190 binaries/xsh_ls.o
 .rodata        0x000000000011c104      0x266 binaries/xsh_memdump.o
 *fill*         0x000000000011c36a        0x2 
 .rodata        0x000000000011c36c      0x225 binaries/xsh_memstat.o
 *fill*         0x000000000011c591        0x3 
 .rodata        0x000000000011c594      0x1b0 binaries/xsh_netinfo.o
 *fill*         0x000000000011c744       0x1c 
 .rodata        0x000000000011c760      0x340 binaries/xsh_ns.o
 .rodata        0x000000000011caa0      0x19d binaries/xsh_ping.o
 *fill*         0x000000000011cc3d        0x3 
 .rodata        0x000000000011cc40      0x1e0 binaries/xsh_ps.o
 .rodata        0x000000000011ce20       0xeb binaries/xsh_sleep.o
 *fill*         0x000000000011cf0b        0x1 
 .rodata        0x000000000011cf0c      0x1b8 binaries/xsh_udpdump.o
 .rodata        0x000000000011d0c4      0x27d binaries/xsh_udpecho.o
 *fill*         0x000000000011d341        0x3 
 .rodata        0x000000000011d344      0x12b binaries/xsh_udpserver.o
 *fill*         0x000000000011d46f        0x1 
 .rodata        0x000000000011d470      0x105 binaries/xsh_uptime.o
                0x000000000011d575                etext = ABSOLUTE (.)
                0x000000000011e000                . = ALIGN (0x1000)
 *fill*         0x000000000011d575      0xa8b 

.eh_frame       0x000000000011e000     0x31b4
 .eh_frame      0x000000000011e000       0x40 binaries/ascdate.o
 .eh_frame      0x000000000011e040       0x20 binaries/bufinit.o
                                         0x38 (size before relaxing)
 .eh_frame      0x000000000011e060       0x20 binaries/chprio.o
                                         0x38 (size before relaxing)
 .eh_frame      0x000000000011e080       0x20 binaries/clkhandler.o
                                         0x38 (size before relaxing)
 .eh_frame      0x000000000011e0a0       0x20 binaries/clkinit.o
                                         0x38 (size before relaxing)
 .eh_frame      0x000000000011e0c0       0x20 binaries/close.o
                                         0x38 (size before relaxing)
 .eh_frame      0x000000000011e0e0       0x20 binaries/control.o
                                         0x38 (size before relaxing)
 .eh_frame      0x000000000011e100      0x120 binaries/control_reg.o
                                        0x138 (size before relaxing)
 .eh_frame      0x000000000011e220       0x40 binaries/create.o
                                         0x58 (size before relaxing)
 .eh_frame      0x000000000011e260       0x60 binaries/evec.o
                                         0x78 (size before relaxing)
 .eh_frame      0x000000000011e2c0       0x20 binaries/exit.o
                                         0x38 (size before relaxing)
 .eh_frame      0x000000000011e2e0       0x20 binaries/freebuf.o
                                         0x38 (size before relaxing)
 .eh_frame      0x000000000011e300       0x20 binaries/freemem.o
                                         0x38 (size before relaxing)
 .eh_frame      0x000000000011e320       0x20 binaries/getbuf.o
                                         0x38 (size before relaxing)
 .eh_frame      0x000000000011e340       0x20 binaries/getc.o
                                         0x38 (size before relaxing)
 .eh_frame      0x000000000011e360       0x20 binaries/getdev.o
                                         0x38 (size before relaxing)
 .eh_frame      0x000000000011e380       0x60 binaries/getitem.o
                                         0x78 (size before relaxing)
 .eh_frame      0x000000000011e3e0       0x20 binaries/getmem.o
                                         0x38 (size before relaxing)
 .eh_frame      0x000000000011e400       0x20 binaries/getpid.o
                                         0x38 (size before relaxing)
 .eh_frame      0x000000000011e420       0x20 binaries/getprio.o
                                         0x38 (size before relaxing)
 .eh_frame      0x000000000011e440       0x20 binaries/getstk.o
                                         0x38 (size before relaxing)
 .eh_frame      0x000000000011e460       0x20 binaries/getticks.o
                                         0x38 (size before relaxing)
 .eh_frame      0x000000000011e480       0x20 binaries/gettime.o
                                         0x38 (size before relaxing)
 .eh_frame      0x000000000011e4a0       0x20 binaries/getutime.o
                                         0x38 (size before relaxing)
 .eh_frame      0x000000000011e4c0       0x8c binaries/i386.o
                                         0xa4 (size before relaxing)
 .eh_frame      0x000000000011e54c       0x20 binaries/init.o
                                         0x38 (size before relaxing)
 .eh_frame      0x000000000011e56c       0xa0 binaries/initialize.o
                                         0xb8 (size before relaxing)
 .eh_frame      0x000000000011e60c       0x20 binaries/insert.o
                                         0x38 (size before relaxing)
 .eh_frame      0x000000000011e62c       0x20 binaries/insertd.o
                                         0x38 (size before relaxing)
 .eh_frame      0x000000000011e64c       0x20 binaries/ioerr.o
                                         0x38 (size before relaxing)
 .eh_frame      0x000000000011e66c       0x20 binaries/ionull.o
                                         0x38 (size before relaxing)
 .eh_frame      0x000000000011e68c       0x20 binaries/kill.o
                                         0x38 (size before relaxing)
 .eh_frame      0x000000000011e6ac       0x60 binaries/kprintf.o
                                         0x78 (size before relaxing)
 .eh_frame      0x000000000011e70c       0xcc binaries/main.o
                                         0xe4 (size before relaxing)
 .eh_frame      0x000000000011e7d8       0x40 binaries/mark.o
                                         0x58 (size before relaxing)
 .eh_frame      0x000000000011e818       0x20 binaries/meminit.o
                                         0x38 (size before relaxing)
 .eh_frame      0x000000000011e838       0x20 binaries/mkbufpool.o
                                         0x38 (size before relaxing)
 .eh_frame      0x000000000011e858       0x20 binaries/newqueue.o
                                         0x38 (size before relaxing)
 .eh_frame      0x000000000011e878       0x20 binaries/open.o
                                         0x38 (size before relaxing)
 .eh_frame      0x000000000011e898       0x40 binaries/pagefault_handler.o
                                         0x58 (size before relaxing)
 .eh_frame      0x000000000011e8d8      0x140 binaries/paging.o
                                        0x158 (size before relaxing)
 .eh_frame      0x000000000011ea18       0x1c binaries/panic.o
                                         0x34 (size before relaxing)
 .eh_frame      0x000000000011ea34      0x1c8 binaries/pci.o
                                        0x1e0 (size before relaxing)
 .eh_frame      0x000000000011ebfc       0x20 binaries/ptclear.o
                                         0x38 (size before relaxing)
 .eh_frame      0x000000000011ec1c       0x20 binaries/ptcount.o
                                         0x38 (size before relaxing)
 .eh_frame      0x000000000011ec3c       0x20 binaries/ptcreate.o
                                         0x38 (size before relaxing)
 .eh_frame      0x000000000011ec5c       0x20 binaries/ptdelete.o
                                         0x38 (size before relaxing)
 .eh_frame      0x000000000011ec7c       0x20 binaries/ptinit.o
                                         0x38 (size before relaxing)
 .eh_frame      0x000000000011ec9c       0x20 binaries/ptrecv.o
                                         0x38 (size before relaxing)
 .eh_frame      0x000000000011ecbc       0x20 binaries/ptreset.o
                                         0x38 (size before relaxing)
 .eh_frame      0x000000000011ecdc       0x20 binaries/ptsend.o
                                         0x38 (size before relaxing)
 .eh_frame      0x000000000011ecfc       0x20 binaries/putc.o
                                         0x38 (size before relaxing)
 .eh_frame      0x000000000011ed1c       0x40 binaries/queue.o
                                         0x58 (size before relaxing)
 .eh_frame      0x000000000011ed5c       0x20 binaries/read.o
                                         0x38 (size before relaxing)
 .eh_frame      0x000000000011ed7c       0x24 binaries/ready.o
                                         0x3c (size before relaxing)
 .eh_frame      0x000000000011eda0       0x20 binaries/receive.o
                                         0x38 (size before relaxing)
 .eh_frame      0x000000000011edc0       0x20 binaries/recvclr.o
                                         0x38 (size before relaxing)
 .eh_frame      0x000000000011ede0       0x20 binaries/recvtime.o
                                         0x38 (size before relaxing)
 .eh_frame      0x000000000011ee00       0x40 binaries/resched.o
                                         0x58 (size before relaxing)
 .eh_frame      0x000000000011ee40       0x20 binaries/resume.o
                                         0x38 (size before relaxing)
 .eh_frame      0x000000000011ee60       0x20 binaries/seek.o
                                         0x38 (size before relaxing)
 .eh_frame      0x000000000011ee80       0x20 binaries/semcount.o
                                         0x38 (size before relaxing)
 .eh_frame      0x000000000011eea0       0x40 binaries/semcreate.o
                                         0x58 (size before relaxing)
 .eh_frame      0x000000000011eee0       0x20 binaries/semdelete.o
                                         0x38 (size before relaxing)
 .eh_frame      0x000000000011ef00       0x20 binaries/semreset.o
                                         0x38 (size before relaxing)
 .eh_frame      0x000000000011ef20       0x20 binaries/send.o
                                         0x38 (size before relaxing)
 .eh_frame      0x000000000011ef40       0x20 binaries/signal.o
                                         0x38 (size before relaxing)
 .eh_frame      0x000000000011ef60       0x20 binaries/signaln.o
                                         0x38 (size before relaxing)
 .eh_frame      0x000000000011ef80       0x40 binaries/sleep.o
                                         0x58 (size before relaxing)
 .eh_frame      0x000000000011efc0       0x20 binaries/stacktrace.o
                                         0x38 (size before relaxing)
 .eh_frame      0x000000000011efe0       0x20 binaries/suspend.o
                                         0x38 (size before relaxing)
 .eh_frame      0x000000000011f000       0x20 binaries/unsleep.o
                                         0x38 (size before relaxing)
 .eh_frame      0x000000000011f020       0x20 binaries/userret.o
                                         0x38 (size before relaxing)
 .eh_frame      0x000000000011f040       0x40 binaries/vcreate.o
                                         0x58 (size before relaxing)
 .eh_frame      0x000000000011f080       0xa0 binaries/vfree.o
                                         0xb8 (size before relaxing)
 .eh_frame      0x000000000011f120       0x40 binaries/vmalloc.o
                                         0x58 (size before relaxing)
 .eh_frame      0x000000000011f160       0x20 binaries/wait.o
                                         0x38 (size before relaxing)
 .eh_frame      0x000000000011f180       0x20 binaries/wakeup.o
                                         0x38 (size before relaxing)
 .eh_frame      0x000000000011f1a0       0x20 binaries/write.o
                                         0x38 (size before relaxing)
 .eh_frame      0x000000000011f1c0       0x20 binaries/xdone.o
                                         0x38 (size before relaxing)
 .eh_frame      0x000000000011f1e0       0x20 binaries/yield.o
                                         0x38 (size before relaxing)
 .eh_frame      0x000000000011f200       0x20 binaries/abs.o
                                         0x38 (size before relaxing)
 .eh_frame      0x000000000011f220       0x20 binaries/atoi.o
                                         0x38 (size before relaxing)
 .eh_frame      0x000000000011f240       0x20 binaries/atol.o
                                         0x38 (size before relaxing)
 .eh_frame      0x000000000011f260       0x20 binaries/bzero.o
                                         0x38 (size before relaxing)
 .eh_frame      0x000000000011f280       0xe4 binaries/doprnt.o
                                         0xfc (size before relaxing)
 .eh_frame      0x000000000011f364       0xb0 binaries/doscan.o
                                         0xc8 (size before relaxing)
 .eh_frame      0x000000000011f414       0xc0 binaries/fdoprnt.o
                                         0xd8 (size before relaxing)
 .eh_frame      0x000000000011f4d4       0x20 binaries/fgetc.o
                                         0x38 (size before relaxing)
 .eh_frame      0x000000000011f4f4       0x20 binaries/fgets.o
                                         0x38 (size before relaxing)
 .eh_frame      0x000000000011f514       0x20 binaries/fprintf.o
                                         0x38 (size before relaxing)
 .eh_frame      0x000000000011f534       0x20 binaries/fputc.o
                                         0x38 (size before relaxing)
 .eh_frame      0x000000000011f554       0x20 binaries/fputs.o
                                         0x38 (size before relaxing)
 .eh_frame      0x000000000011f574       0x60 binaries/fscanf.o
                                         0x78 (size before relaxing)
 .eh_frame      0x000000000011f5d4       0x20 binaries/getchar.o
                                         0x38 (size before relaxing)
 .eh_frame      0x000000000011f5f4       0x20 binaries/labs.o
                                         0x38 (size before relaxing)
 .eh_frame      0x000000000011f614       0x20 binaries/memcmp.o
                                         0x38 (size before relaxing)
 .eh_frame      0x000000000011f634       0x24 binaries/memcpy.o
                                         0x3c (size before relaxing)
 .eh_frame      0x000000000011f658       0x24 binaries/memset.o
                                         0x3c (size before relaxing)
 .eh_frame      0x000000000011f67c       0x20 binaries/printf.o
                                         0x38 (size before relaxing)
 .eh_frame      0x000000000011f69c       0x20 binaries/putchar.o
                                         0x38 (size before relaxing)
 .eh_frame      0x000000000011f6bc       0xa8 binaries/qsort.o
                                         0xc0 (size before relaxing)
 .eh_frame      0x000000000011f764       0x60 binaries/rand.o
                                         0x78 (size before relaxing)
 .eh_frame      0x000000000011f7c4       0x40 binaries/sprintf.o
                                         0x58 (size before relaxing)
 .eh_frame      0x000000000011f804       0x60 binaries/sscanf.o
                                         0x78 (size before relaxing)
 .eh_frame      0x000000000011f864       0x20 binaries/strchr.o
                                         0x38 (size before relaxing)
 .eh_frame      0x000000000011f884       0x20 binaries/strcmp.o
                                         0x38 (size before relaxing)
 .eh_frame      0x000000000011f8a4       0x20 binaries/strcpy.o
                                         0x38 (size before relaxing)
 .eh_frame      0x000000000011f8c4       0x20 binaries/strlen.o
                                         0x38 (size before relaxing)
 .eh_frame      0x000000000011f8e4       0x20 binaries/strncat.o
                                         0x38 (size before relaxing)
 .eh_frame      0x000000000011f904       0x20 binaries/strncmp.o
                                         0x38 (size before relaxing)
 .eh_frame      0x000000000011f924       0x28 binaries/strncpy.o
                                         0x40 (size before relaxing)
 .eh_frame      0x000000000011f94c       0x20 binaries/strnlen.o
                                         0x38 (size before relaxing)
 .eh_frame      0x000000000011f96c       0x20 binaries/strrchr.o
                                         0x38 (size before relaxing)
 .eh_frame      0x000000000011f98c       0x20 binaries/strstr.o
                                         0x38 (size before relaxing)
 .eh_frame      0x000000000011f9ac       0x20 binaries/ttycontrol.o
                                         0x38 (size before relaxing)
 .eh_frame      0x000000000011f9cc       0x20 binaries/ttygetc.o
                                         0x38 (size before relaxing)
 .eh_frame      0x000000000011f9ec       0x80 binaries/ttyhandle_in.o
                                         0x98 (size before relaxing)
 .eh_frame      0x000000000011fa6c       0x20 binaries/ttyhandle_out.o
                                         0x38 (size before relaxing)
 .eh_frame      0x000000000011fa8c       0x20 binaries/ttyhandler.o
                                         0x38 (size before relaxing)
 .eh_frame      0x000000000011faac       0x20 binaries/ttyinit.o
                                         0x38 (size before relaxing)
 .eh_frame      0x000000000011facc       0x20 binaries/ttykickout.o
                                         0x38 (size before relaxing)
 .eh_frame      0x000000000011faec       0x20 binaries/ttyputc.o
                                         0x38 (size before relaxing)
 .eh_frame      0x000000000011fb0c       0x28 binaries/ttyread.o
                                         0x40 (size before relaxing)
 .eh_frame      0x000000000011fb34       0x20 binaries/ttywrite.o
                                         0x38 (size before relaxing)
 .eh_frame      0x000000000011fb54       0x40 binaries/mount.o
                                         0x58 (size before relaxing)
 .eh_frame      0x000000000011fb94       0x20 binaries/naminit.o
                                         0x38 (size before relaxing)
 .eh_frame      0x000000000011fbb4       0x60 binaries/nammap.o
                                         0x78 (size before relaxing)
 .eh_frame      0x000000000011fc14       0x20 binaries/namopen.o
                                         0x38 (size before relaxing)
 .eh_frame      0x000000000011fc34      0x150 binaries/82545EMInit.o
                                        0x168 (size before relaxing)
 .eh_frame      0x000000000011fd84       0xa0 binaries/ethcontrol.o
                                         0xb8 (size before relaxing)
 .eh_frame      0x000000000011fe24       0x80 binaries/ethhandler.o
                                         0x98 (size before relaxing)
 .eh_frame      0x000000000011fea4       0x20 binaries/ethinit.o
                                         0x38 (size before relaxing)
 .eh_frame      0x000000000011fec4       0x60 binaries/ethread.o
                                         0x78 (size before relaxing)
 .eh_frame      0x000000000011ff24       0x60 binaries/ethwrite.o
                                         0x78 (size before relaxing)
 .eh_frame      0x000000000011ff84       0x20 binaries/rdscomm.o
                                         0x38 (size before relaxing)
 .eh_frame      0x000000000011ffa4       0x20 binaries/rdscontrol.o
                                         0x38 (size before relaxing)
 .eh_frame      0x000000000011ffc4       0x20 binaries/rdsinit.o
                                         0x38 (size before relaxing)
 .eh_frame      0x000000000011ffe4       0x20 binaries/rdsopen.o
                                         0x38 (size before relaxing)
 .eh_frame      0x0000000000120004       0x1c binaries/rdsprocess.o
                                         0x34 (size before relaxing)
 .eh_frame      0x0000000000120020       0xc0 binaries/rdsqfcns.o
                                         0xd8 (size before relaxing)
 .eh_frame      0x00000000001200e0       0x20 binaries/rdsread.o
                                         0x38 (size before relaxing)
 .eh_frame      0x0000000000120100       0x20 binaries/rdssetprio.o
                                         0x38 (size before relaxing)
 .eh_frame      0x0000000000120120       0x20 binaries/rdswrite.o
                                         0x38 (size before relaxing)
 .eh_frame      0x0000000000120140       0x20 binaries/ramclose.o
                                         0x38 (size before relaxing)
 .eh_frame      0x0000000000120160       0x20 binaries/raminit.o
                                         0x38 (size before relaxing)
 .eh_frame      0x0000000000120180       0x20 binaries/ramopen.o
                                         0x38 (size before relaxing)
 .eh_frame      0x00000000001201a0       0x20 binaries/ramread.o
                                         0x38 (size before relaxing)
 .eh_frame      0x00000000001201c0       0x20 binaries/ramwrite.o
                                         0x38 (size before relaxing)
 .eh_frame      0x00000000001201e0       0x20 binaries/lfdballoc.o
                                         0x38 (size before relaxing)
 .eh_frame      0x0000000000120200       0x20 binaries/lfdbfree.o
                                         0x38 (size before relaxing)
 .eh_frame      0x0000000000120220       0x20 binaries/lfflush.o
                                         0x38 (size before relaxing)
 .eh_frame      0x0000000000120240       0x20 binaries/lfgetmode.o
                                         0x38 (size before relaxing)
 .eh_frame      0x0000000000120260       0x20 binaries/lfiballoc.o
                                         0x38 (size before relaxing)
 .eh_frame      0x0000000000120280       0x20 binaries/lfibclear.o
                                         0x38 (size before relaxing)
 .eh_frame      0x00000000001202a0       0x20 binaries/lfibget.o
                                         0x38 (size before relaxing)
 .eh_frame      0x00000000001202c0       0x20 binaries/lfibput.o
                                         0x38 (size before relaxing)
 .eh_frame      0x00000000001202e0       0x20 binaries/lflclose.o
                                         0x38 (size before relaxing)
 .eh_frame      0x0000000000120300       0x20 binaries/lflcontrol.o
                                         0x38 (size before relaxing)
 .eh_frame      0x0000000000120320       0x20 binaries/lflgetc.o
                                         0x38 (size before relaxing)
 .eh_frame      0x0000000000120340       0x20 binaries/lflinit.o
                                         0x38 (size before relaxing)
 .eh_frame      0x0000000000120360       0x20 binaries/lflputc.o
                                         0x38 (size before relaxing)
 .eh_frame      0x0000000000120380       0x20 binaries/lflread.o
                                         0x38 (size before relaxing)
 .eh_frame      0x00000000001203a0       0x20 binaries/lflseek.o
                                         0x38 (size before relaxing)
 .eh_frame      0x00000000001203c0       0x20 binaries/lflwrite.o
                                         0x38 (size before relaxing)
 .eh_frame      0x00000000001203e0       0x20 binaries/lfscheck.o
                                         0x38 (size before relaxing)
 .eh_frame      0x0000000000120400       0x20 binaries/lfsckfmt.o
                                         0x38 (size before relaxing)
 .eh_frame      0x0000000000120420       0x20 binaries/lfscreate.o
                                         0x38 (size before relaxing)
 .eh_frame      0x0000000000120440       0x20 binaries/lfsetup.o
                                         0x38 (size before relaxing)
 .eh_frame      0x0000000000120460       0x20 binaries/lfsinit.o
                                         0x38 (size before relaxing)
 .eh_frame      0x0000000000120480       0x20 binaries/lfsopen.o
                                         0x38 (size before relaxing)
 .eh_frame      0x00000000001204a0       0x20 binaries/lftruncate.o
                                         0x38 (size before relaxing)
 .eh_frame      0x00000000001204c0       0x20 binaries/rflclose.o
                                         0x38 (size before relaxing)
 .eh_frame      0x00000000001204e0       0x20 binaries/rflgetc.o
                                         0x38 (size before relaxing)
 .eh_frame      0x0000000000120500       0x20 binaries/rflinit.o
                                         0x38 (size before relaxing)
 .eh_frame      0x0000000000120520       0x20 binaries/rflputc.o
                                         0x38 (size before relaxing)
 .eh_frame      0x0000000000120540       0x20 binaries/rflread.o
                                         0x38 (size before relaxing)
 .eh_frame      0x0000000000120560       0x20 binaries/rflseek.o
                                         0x38 (size before relaxing)
 .eh_frame      0x0000000000120580       0x20 binaries/rflwrite.o
                                         0x38 (size before relaxing)
 .eh_frame      0x00000000001205a0       0x20 binaries/rfscomm.o
                                         0x38 (size before relaxing)
 .eh_frame      0x00000000001205c0       0x20 binaries/rfscontrol.o
                                         0x38 (size before relaxing)
 .eh_frame      0x00000000001205e0       0x20 binaries/rfsgetmode.o
                                         0x38 (size before relaxing)
 .eh_frame      0x0000000000120600       0x20 binaries/rfsinit.o
                                         0x38 (size before relaxing)
 .eh_frame      0x0000000000120620       0x20 binaries/rfsndmsg.o
                                         0x38 (size before relaxing)
 .eh_frame      0x0000000000120640       0x20 binaries/rfsopen.o
                                         0x38 (size before relaxing)
 .eh_frame      0x0000000000120660       0xc0 binaries/arp.o
                                         0xd8 (size before relaxing)
 .eh_frame      0x0000000000120720       0xa0 binaries/dhcp.o
                                         0xb8 (size before relaxing)
 .eh_frame      0x00000000001207c0       0x80 binaries/dns.o
                                         0x98 (size before relaxing)
 .eh_frame      0x0000000000120840       0x20 binaries/dot2ip.o
                                         0x38 (size before relaxing)
 .eh_frame      0x0000000000120860       0x40 binaries/hexdump.o
                                         0x58 (size before relaxing)
 .eh_frame      0x00000000001208a0      0x150 binaries/icmp.o
                                        0x168 (size before relaxing)
 .eh_frame      0x00000000001209f0      0x11c binaries/ip.o
                                        0x134 (size before relaxing)
 .eh_frame      0x0000000000120b0c       0xa0 binaries/net.o
                                         0xb8 (size before relaxing)
 .eh_frame      0x0000000000120bac       0x60 binaries/pdump.o
                                         0x78 (size before relaxing)
 .eh_frame      0x0000000000120c0c       0x60 binaries/tftp.o
                                         0x78 (size before relaxing)
 .eh_frame      0x0000000000120c6c      0x140 binaries/udp.o
                                        0x158 (size before relaxing)
 .eh_frame      0x0000000000120dac       0x20 binaries/addargs.o
                                         0x38 (size before relaxing)
 .eh_frame      0x0000000000120dcc       0x20 binaries/lexan.o
                                         0x38 (size before relaxing)
 .eh_frame      0x0000000000120dec       0x20 binaries/shell.o
                                         0x38 (size before relaxing)
 .eh_frame      0x0000000000120e0c       0x20 binaries/xsh_argecho.o
                                         0x38 (size before relaxing)
 .eh_frame      0x0000000000120e2c       0x40 binaries/xsh_arp.o
                                         0x58 (size before relaxing)
 .eh_frame      0x0000000000120e6c       0x20 binaries/xsh_cat.o
                                         0x38 (size before relaxing)
 .eh_frame      0x0000000000120e8c       0x20 binaries/xsh_clear.o
                                         0x38 (size before relaxing)
 .eh_frame      0x0000000000120eac       0x20 binaries/xsh_date.o
                                         0x38 (size before relaxing)
 .eh_frame      0x0000000000120ecc       0x20 binaries/xsh_devdump.o
                                         0x38 (size before relaxing)
 .eh_frame      0x0000000000120eec       0x20 binaries/xsh_echo.o
                                         0x38 (size before relaxing)
 .eh_frame      0x0000000000120f0c       0x20 binaries/xsh_exit.o
                                         0x38 (size before relaxing)
 .eh_frame      0x0000000000120f2c       0x2c binaries/xsh_help.o
                                         0x44 (size before relaxing)
 .eh_frame      0x0000000000120f58       0x20 binaries/xsh_kill.o
                                         0x38 (size before relaxing)
 .eh_frame      0x0000000000120f78       0x2c binaries/xsh_ls.o
                                         0x44 (size before relaxing)
 .eh_frame      0x0000000000120fa4       0x40 binaries/xsh_memdump.o
                                         0x58 (size before relaxing)
 .eh_frame      0x0000000000120fe4       0x60 binaries/xsh_memstat.o
                                         0x78 (size before relaxing)
 .eh_frame      0x0000000000121044       0x30 binaries/xsh_netinfo.o
                                         0x48 (size before relaxing)
 .eh_frame      0x0000000000121074       0x30 binaries/xsh_ns.o
                                         0x48 (size before relaxing)
 .eh_frame      0x00000000001210a4       0x28 binaries/xsh_ping.o
                                         0x40 (size before relaxing)
 .eh_frame      0x00000000001210cc       0x30 binaries/xsh_ps.o
                                         0x48 (size before relaxing)
 .eh_frame      0x00000000001210fc       0x20 binaries/xsh_sleep.o
                                         0x38 (size before relaxing)
 .eh_frame      0x000000000012111c       0x20 binaries/xsh_udpdump.o
                                         0x38 (size before relaxing)
 .eh_frame      0x000000000012113c       0x30 binaries/xsh_udpecho.o
                                         0x48 (size before relaxing)
 .eh_frame      0x000000000012116c       0x28 binaries/xsh_udpserver.o
                                         0x40 (size before relaxing)
 .eh_frame      0x0000000000121194       0x20 binaries/xsh_uptime.o
                                         0x38 (size before relaxing)

.iplt           0x00000000001211b4        0x0
 .iplt          0x00000000001211b4        0x0 binaries/start.o

.rel.dyn        0x00000000001211b4        0x0
 .rel.got       0x00000000001211b4        0x0 binaries/start.o
 .rel.iplt      0x00000000001211b4        0x0 binaries/start.o
 .rel.text      0x00000000001211b4        0x0 binaries/start.o

.data           0x00000000001211c0      0xe40
                0x00000000001211c0                data = ABSOLUTE (.)
 *(.data .data.*)
 .data          0x00000000001211c0      0x460 binaries/start.o
                0x00000000001211c0                gdt
                0x0000000000121200                gdtr
                0x0000000000121206                idt
                0x0000000000121606                idtr
                0x000000000012160c                cpudelay
                0x0000000000121610                _bootdev
                0x0000000000121614                _cyloffset
 .data          0x0000000000121620       0x88 binaries/ascdate.o
                0x0000000000121620                Date
[...]
 .comment       0x0000000000000023       0x24 binaries/lexan.o
 .comment       0x0000000000000023       0x24 binaries/shell.o
 .comment       0x0000000000000023       0x24 binaries/xsh_argecho.o
 .comment       0x0000000000000023       0x24 binaries/xsh_arp.o
 .comment       0x0000000000000023       0x24 binaries/xsh_cat.o
 .comment       0x0000000000000023       0x24 binaries/xsh_clear.o
 .comment       0x0000000000000023       0x24 binaries/xsh_date.o
 .comment       0x0000000000000023       0x24 binaries/xsh_devdump.o
 .comment       0x0000000000000023       0x24 binaries/xsh_echo.o
 .comment       0x0000000000000023       0x24 binaries/xsh_exit.o
 .comment       0x0000000000000023       0x24 binaries/xsh_help.o
 .comment       0x0000000000000023       0x24 binaries/xsh_kill.o
 .comment       0x0000000000000023       0x24 binaries/xsh_ls.o
 .comment       0x0000000000000023       0x24 binaries/xsh_memdump.o
 .comment       0x0000000000000023       0x24 binaries/xsh_memstat.o
 .comment       0x0000000000000023       0x24 binaries/xsh_netinfo.o
 .comment       0x0000000000000023       0x24 binaries/xsh_ns.o
 .comment       0x0000000000000023       0x24 binaries/xsh_ping.o
 .comment       0x0000000000000023       0x24 binaries/xsh_ps.o
 .comment       0x0000000000000023       0x24 binaries/xsh_sleep.o
 .comment       0x0000000000000023       0x24 binaries/xsh_udpdump.o
 .comment       0x0000000000000023       0x24 binaries/xsh_udpecho.o
 .comment       0x0000000000000023       0x24 binaries/xsh_udpserver.o
 .comment       0x0000000000000023       0x24 binaries/xsh_uptime.o

.note.GNU-stack
                0x0000000000000000        0x0
 .note.GNU-stack
                0x0000000000000000        0x0 binaries/ascdate.o
 .note.GNU-stack
                0x0000000000000000        0x0 binaries/bufinit.o
 .note.GNU-stack
                0x0000000000000000        0x0 binaries/chprio.o
 .note.GNU-stack
                0x0000000000000000        0x0 binaries/clkhandler.o
 .note.GNU-stack
                0x0000000000000000        0x0 binaries/clkinit.o
 .note.GNU-stack
                0x0000000000000000        0x0 binaries/close.o
 .note.GNU-stack
                0x0000000000000000        0x0 binaries/conf.o
 .note.GNU-stack
                0x0000000000000000        0x0 binaries/control.o
 .note.GNU-stack
                0x0000000000000000        0x0 binaries/control_reg.o
 .note.GNU-stack
                0x0000000000000000        0x0 binaries/create.o
 .note.GNU-stack
                0x0000000000000000        0x0 binaries/evec.o
 .note.GNU-stack
                0x0000000000000000        0x0 binaries/exit.o
 .note.GNU-stack
                0x0000000000000000        0x0 binaries/freebuf.o
 .note.GNU-stack
                0x0000000000000000        0x0 binaries/freemem.o
 .note.GNU-stack
                0x0000000000000000        0x0 binaries/getbuf.o
 .note.GNU-stack
                0x0000000000000000        0x0 binaries/getc.o
 .note.GNU-stack
                0x0000000000000000        0x0 binaries/getdev.o
 .note.GNU-stack
                0x0000000000000000        0x0 binaries/getitem.o
 .note.GNU-stack
                0x0000000000000000        0x0 binaries/getmem.o
 .note.GNU-stack
                0x0000000000000000        0x0 binaries/getpid.o
 .note.GNU-stack
                0x0000000000000000        0x0 binaries/getprio.o
 .note.GNU-stack
                0x0000000000000000        0x0 binaries/getstk.o
 .note.GNU-stack
                0x0000000000000000        0x0 binaries/getticks.o
 .note.GNU-stack
                0x0000000000000000        0x0 binaries/gettime.o
 .note.GNU-stack
                0x0000000000000000        0x0 binaries/getutime.o
 .note.GNU-stack
                0x0000000000000000        0x0 binaries/i386.o
 .note.GNU-stack
                0x0000000000000000        0x0 binaries/init.o
 .note.GNU-stack
                0x0000000000000000        0x0 binaries/initialize.o
 .note.GNU-stack
                0x0000000000000000        0x0 binaries/insert.o
 .note.GNU-stack
                0x0000000000000000        0x0 binaries/insertd.o
 .note.GNU-stack
                0x0000000000000000        0x0 binaries/ioerr.o
 .note.GNU-stack
                0x0000000000000000        0x0 binaries/ionull.o
 .note.GNU-stack
                0x0000000000000000        0x0 binaries/kill.o
 .note.GNU-stack
                0x0000000000000000        0x0 binaries/kprintf.o
 .note.GNU-stack
                0x0000000000000000        0x0 binaries/main.o
 .note.GNU-stack
                0x0000000000000000        0x0 binaries/mark.o
 .note.GNU-stack
                0x0000000000000000        0x0 binaries/meminit.o
 .note.GNU-stack
                0x0000000000000000        0x0 binaries/mkbufpool.o
 .note.GNU-stack
                0x0000000000000000        0x0 binaries/newqueue.o
 .note.GNU-stack
                0x0000000000000000        0x0 binaries/open.o
 .note.GNU-stack
                0x0000000000000000        0x0 binaries/pagefault_handler.o
 .note.GNU-stack
                0x0000000000000000        0x0 binaries/paging.o
 .note.GNU-stack
                0x0000000000000000        0x0 binaries/panic.o
 .note.GNU-stack
                0x0000000000000000        0x0 binaries/pci.o
 .note.GNU-stack
                0x0000000000000000        0x0 binaries/ptclear.o
 .note.GNU-stack
                0x0000000000000000        0x0 binaries/ptcount.o
 .note.GNU-stack
                0x0000000000000000        0x0 binaries/ptcreate.o
 .note.GNU-stack
                0x0000000000000000        0x0 binaries/ptdelete.o
 .note.GNU-stack
                0x0000000000000000        0x0 binaries/ptinit.o
 .note.GNU-stack
                0x0000000000000000        0x0 binaries/ptrecv.o
 .note.GNU-stack
                0x0000000000000000        0x0 binaries/ptreset.o
 .note.GNU-stack
                0x0000000000000000        0x0 binaries/ptsend.o
 .note.GNU-stack
                0x0000000000000000        0x0 binaries/putc.o
 .note.GNU-stack
                0x0000000000000000        0x0 binaries/queue.o
 .note.GNU-stack
                0x0000000000000000        0x0 binaries/read.o
 .note.GNU-stack
                0x0000000000000000        0x0 binaries/ready.o
 .note.GNU-stack
                0x0000000000000000        0x0 binaries/receive.o
 .note.GNU-stack
                0x0000000000000000        0x0 binaries/recvclr.o
 .note.GNU-stack
                0x0000000000000000        0x0 binaries/recvtime.o
 .note.GNU-stack
                0x0000000000000000        0x0 binaries/resched.o
 .note.GNU-stack
                0x0000000000000000        0x0 binaries/resume.o
 .note.GNU-stack
                0x0000000000000000        0x0 binaries/seek.o
 .note.GNU-stack
                0x0000000000000000        0x0 binaries/semcount.o
 .note.GNU-stack
                0x0000000000000000        0x0 binaries/semcreate.o
 .note.GNU-stack
                0x0000000000000000        0x0 binaries/semdelete.o
 .note.GNU-stack
                0x0000000000000000        0x0 binaries/semreset.o
 .note.GNU-stack
                0x0000000000000000        0x0 binaries/send.o
 .note.GNU-stack
                0x0000000000000000        0x0 binaries/signal.o
 .note.GNU-stack
                0x0000000000000000        0x0 binaries/signaln.o
 .note.GNU-stack
                0x0000000000000000        0x0 binaries/sleep.o
 .note.GNU-stack
                0x0000000000000000        0x0 binaries/stacktrace.o
 .note.GNU-stack
                0x0000000000000000        0x0 binaries/suspend.o
 .note.GNU-stack
                0x0000000000000000        0x0 binaries/unsleep.o
 .note.GNU-stack
                0x0000000000000000        0x0 binaries/userret.o
 .note.GNU-stack
                0x0000000000000000        0x0 binaries/vcreate.o
 .note.GNU-stack
                0x0000000000000000        0x0 binaries/vfree.o
 .note.GNU-stack
                0x0000000000000000        0x0 binaries/vmalloc.o
 .note.GNU-stack
                0x0000000000000000        0x0 binaries/wait.o
 .note.GNU-stack
                0x0000000000000000        0x0 binaries/wakeup.o
 .note.GNU-stack
                0x0000000000000000        0x0 binaries/write.o
 .note.GNU-stack
                0x0000000000000000        0x0 binaries/xdone.o
 .note.GNU-stack
                0x0000000000000000        0x0 binaries/yield.o
 .note.GNU-stack
                0x0000000000000000        0x0 binaries/abs.o
 .note.GNU-stack
                0x0000000000000000        0x0 binaries/atoi.o
 .note.GNU-stack
                0x0000000000000000        0x0 binaries/atol.o
 .note.GNU-stack
                0x0000000000000000        0x0 binaries/bzero.o
 .note.GNU-stack
                0x0000000000000000        0x0 binaries/ctype_.o
 .note.GNU-stack
                0x0000000000000000        0x0 binaries/doprnt.o
 .note.GNU-stack
                0x0000000000000000        0x0 binaries/doscan.o
 .note.GNU-stack
                0x0000000000000000        0x0 binaries/fdoprnt.o
 .note.GNU-stack
                0x0000000000000000        0x0 binaries/fgetc.o
 .note.GNU-stack
                0x0000000000000000        0x0 binaries/fgets.o
 .note.GNU-stack
                0x0000000000000000        0x0 binaries/fprintf.o
 .note.GNU-stack
                0x0000000000000000        0x0 binaries/fputc.o
 .note.GNU-stack
                0x0000000000000000        0x0 binaries/fputs.o
 .note.GNU-stack
                0x0000000000000000        0x0 binaries/fscanf.o
 .note.GNU-stack
                0x0000000000000000        0x0 binaries/getchar.o
 .note.GNU-stack
                0x0000000000000000        0x0 binaries/labs.o
 .note.GNU-stack
                0x0000000000000000        0x0 binaries/memcmp.o
 .note.GNU-stack
                0x0000000000000000        0x0 binaries/memcpy.o
 .note.GNU-stack
                0x0000000000000000        0x0 binaries/memset.o
 .note.GNU-stack
                0x0000000000000000        0x0 binaries/printf.o
 .note.GNU-stack
                0x0000000000000000        0x0 binaries/putchar.o
 .note.GNU-stack
                0x0000000000000000        0x0 binaries/qsort.o
 .note.GNU-stack
                0x0000000000000000        0x0 binaries/rand.o
 .note.GNU-stack
                0x0000000000000000        0x0 binaries/sprintf.o
 .note.GNU-stack
                0x0000000000000000        0x0 binaries/sscanf.o
 .note.GNU-stack
                0x0000000000000000        0x0 binaries/strchr.o
 .note.GNU-stack
                0x0000000000000000        0x0 binaries/strcmp.o
 .note.GNU-stack
                0x0000000000000000        0x0 binaries/strcpy.o
 .note.GNU-stack
                0x0000000000000000        0x0 binaries/strlen.o
 .note.GNU-stack
                0x0000000000000000        0x0 binaries/strncat.o
 .note.GNU-stack
                0x0000000000000000        0x0 binaries/strncmp.o
 .note.GNU-stack
                0x0000000000000000        0x0 binaries/strncpy.o
 .note.GNU-stack
                0x0000000000000000        0x0 binaries/strnlen.o
 .note.GNU-stack
                0x0000000000000000        0x0 binaries/strrchr.o
 .note.GNU-stack
                0x0000000000000000        0x0 binaries/strstr.o
 .note.GNU-stack
                0x0000000000000000        0x0 binaries/ttycontrol.o
 .note.GNU-stack
                0x0000000000000000        0x0 binaries/ttygetc.o
 .note.GNU-stack
                0x0000000000000000        0x0 binaries/ttyhandle_in.o
 .note.GNU-stack
                0x0000000000000000        0x0 binaries/ttyhandle_out.o
 .note.GNU-stack
                0x0000000000000000        0x0 binaries/ttyhandler.o
 .note.GNU-stack
                0x0000000000000000        0x0 binaries/ttyinit.o
 .note.GNU-stack
                0x0000000000000000        0x0 binaries/ttykickout.o
 .note.GNU-stack
                0x0000000000000000        0x0 binaries/ttyputc.o
 .note.GNU-stack
                0x0000000000000000        0x0 binaries/ttyread.o
 .note.GNU-stack
                0x0000000000000000        0x0 binaries/ttywrite.o
 .note.GNU-stack
                0x0000000000000000        0x0 binaries/mount.o
 .note.GNU-stack
                0x0000000000000000        0x0 binaries/naminit.o
 .note.GNU-stack
                0x0000000000000000        0x0 binaries/nammap.o
 .note.GNU-stack
                0x0000000000000000        0x0 binaries/namopen.o
 .note.GNU-stack
                0x0000000000000000        0x0 binaries/82545EMInit.o
 .note.GNU-stack
                0x0000000000000000        0x0 binaries/ethcontrol.o
 .note.GNU-stack
                0x0000000000000000        0x0 binaries/ethhandler.o
 .note.GNU-stack
                0x0000000000000000        0x0 binaries/ethinit.o
 .note.GNU-stack
                0x0000000000000000        0x0 binaries/ethread.o
 .note.GNU-stack
                0x0000000000000000        0x0 binaries/ethwrite.o
 .note.GNU-stack
                0x0000000000000000        0x0 binaries/rdscomm.o
 .note.GNU-stack
                0x0000000000000000        0x0 binaries/rdscontrol.o
 .note.GNU-stack
                0x0000000000000000        0x0 binaries/rdsinit.o
 .note.GNU-stack
                0x0000000000000000        0x0 binaries/rdsopen.o
 .note.GNU-stack
                0x0000000000000000        0x0 binaries/rdsprocess.o
 .note.GNU-stack
                0x0000000000000000        0x0 binaries/rdsqfcns.o
 .note.GNU-stack
                0x0000000000000000        0x0 binaries/rdsread.o
 .note.GNU-stack
                0x0000000000000000        0x0 binaries/rdssetprio.o
 .note.GNU-stack
                0x0000000000000000        0x0 binaries/rdswrite.o
 .note.GNU-stack
                0x0000000000000000        0x0 binaries/ramclose.o
 .note.GNU-stack
                0x0000000000000000        0x0 binaries/raminit.o
 .note.GNU-stack
                0x0000000000000000        0x0 binaries/ramopen.o
 .note.GNU-stack
                0x0000000000000000        0x0 binaries/ramread.o
 .note.GNU-stack
                0x0000000000000000        0x0 binaries/ramwrite.o
 .note.GNU-stack
                0x0000000000000000        0x0 binaries/lfdballoc.o
 .note.GNU-stack
                0x0000000000000000        0x0 binaries/lfdbfree.o
 .note.GNU-stack
                0x0000000000000000        0x0 binaries/lfflush.o
 .note.GNU-stack
                0x0000000000000000        0x0 binaries/lfgetmode.o
 .note.GNU-stack
                0x0000000000000000        0x0 binaries/lfiballoc.o
 .note.GNU-stack
                0x0000000000000000        0x0 binaries/lfibclear.o
 .note.GNU-stack
                0x0000000000000000        0x0 binaries/lfibget.o
 .note.GNU-stack
                0x0000000000000000        0x0 binaries/lfibput.o
 .note.GNU-stack
                0x0000000000000000        0x0 binaries/lflclose.o
 .note.GNU-stack
                0x0000000000000000        0x0 binaries/lflcontrol.o
 .note.GNU-stack
                0x0000000000000000        0x0 binaries/lflgetc.o
 .note.GNU-stack
                0x0000000000000000        0x0 binaries/lflinit.o
 .note.GNU-stack
                0x0000000000000000        0x0 binaries/lflputc.o
 .note.GNU-stack
                0x0000000000000000        0x0 binaries/lflread.o
 .note.GNU-stack
                0x0000000000000000        0x0 binaries/lflseek.o
 .note.GNU-stack
                0x0000000000000000        0x0 binaries/lflwrite.o
 .note.GNU-stack
                0x0000000000000000        0x0 binaries/lfscheck.o
 .note.GNU-stack
                0x0000000000000000        0x0 binaries/lfsckfmt.o
 .note.GNU-stack
                0x0000000000000000        0x0 binaries/lfscreate.o
 .note.GNU-stack
                0x0000000000000000        0x0 binaries/lfsetup.o
 .note.GNU-stack
                0x0000000000000000        0x0 binaries/lfsinit.o
 .note.GNU-stack
                0x0000000000000000        0x0 binaries/lfsopen.o
 .note.GNU-stack
                0x0000000000000000        0x0 binaries/lftruncate.o
 .note.GNU-stack
                0x0000000000000000        0x0 binaries/rflclose.o
 .note.GNU-stack
                0x0000000000000000        0x0 binaries/rflgetc.o
 .note.GNU-stack
                0x0000000000000000        0x0 binaries/rflinit.o
 .note.GNU-stack
                0x0000000000000000        0x0 binaries/rflputc.o
 .note.GNU-stack
                0x0000000000000000        0x0 binaries/rflread.o
 .note.GNU-stack
                0x0000000000000000        0x0 binaries/rflseek.o
 .note.GNU-stack
                0x0000000000000000        0x0 binaries/rflwrite.o
 .note.GNU-stack
                0x0000000000000000        0x0 binaries/rfscomm.o
 .note.GNU-stack
                0x0000000000000000        0x0 binaries/rfscontrol.o
 .note.GNU-stack
                0x0000000000000000        0x0 binaries/rfsgetmode.o
 .note.GNU-stack
                0x0000000000000000        0x0 binaries/rfsinit.o
 .note.GNU-stack
                0x0000000000000000        0x0 binaries/rfsndmsg.o
 .note.GNU-stack
                0x0000000000000000        0x0 binaries/rfsopen.o
 .note.GNU-stack
                0x0000000000000000        0x0 binaries/arp.o
 .note.GNU-stack
                0x0000000000000000        0x0 binaries/dhcp.o
 .note.GNU-stack
                0x0000000000000000        0x0 binaries/dns.o
 .note.GNU-stack
                0x0000000000000000        0x0 binaries/dot2ip.o
 .note.GNU-stack
                0x0000000000000000        0x0 binaries/hexdump.o
 .note.GNU-stack
                0x0000000000000000        0x0 binaries/icmp.o
 .note.GNU-stack
                0x0000000000000000        0x0 binaries/ip.o
 .note.GNU-stack
                0x0000000000000000        0x0 binaries/net.o
 .note.GNU-stack
                0x0000000000000000        0x0 binaries/pdump.o
 .note.GNU-stack
                0x0000000000000000        0x0 binaries/tftp.o
 .note.GNU-stack
                0x0000000000000000        0x0 binaries/udp.o
 .note.GNU-stack
                0x0000000000000000        0x0 binaries/addargs.o
 .note.GNU-stack
                0x0000000000000000        0x0 binaries/lexan.o
 .note.GNU-stack
                0x0000000000000000        0x0 binaries/shell.o
 .note.GNU-stack
                0x0000000000000000        0x0 binaries/xsh_argecho.o
 .note.GNU-stack
                0x0000000000000000        0x0 binaries/xsh_arp.o
 .note.GNU-stack
                0x0000000000000000        0x0 binaries/xsh_cat.o
 .note.GNU-stack
                0x0000000000000000        0x0 binaries/xsh_clear.o
 .note.GNU-stack
                0x0000000000000000        0x0 binaries/xsh_date.o
 .note.GNU-stack
                0x0000000000000000        0x0 binaries/xsh_devdump.o
 .note.GNU-stack
                0x0000000000000000        0x0 binaries/xsh_echo.o
 .note.GNU-stack
                0x0000000000000000        0x0 binaries/xsh_exit.o
 .note.GNU-stack
                0x0000000000000000        0x0 binaries/xsh_help.o
 .note.GNU-stack
                0x0000000000000000        0x0 binaries/xsh_kill.o
 .note.GNU-stack
                0x0000000000000000        0x0 binaries/xsh_ls.o
 .note.GNU-stack
                0x0000000000000000        0x0 binaries/xsh_memdump.o
 .note.GNU-stack
                0x0000000000000000        0x0 binaries/xsh_memstat.o
 .note.GNU-stack
                0x0000000000000000        0x0 binaries/xsh_netinfo.o
 .note.GNU-stack
                0x0000000000000000        0x0 binaries/xsh_ns.o
 .note.GNU-stack
                0x0000000000000000        0x0 binaries/xsh_ping.o
 .note.GNU-stack
                0x0000000000000000        0x0 binaries/xsh_ps.o
 .note.GNU-stack
                0x0000000000000000        0x0 binaries/xsh_sleep.o
 .note.GNU-stack
                0x0000000000000000        0x0 binaries/xsh_udpdump.o
 .note.GNU-stack
                0x0000000000000000        0x0 binaries/xsh_udpecho.o
 .note.GNU-stack
                0x0000000000000000        0x0 binaries/xsh_udpserver.o
 .note.GNU-stack
                0x0000000000000000        0x0 binaries/xsh_uptime.o
